<html>
<body>
<pre>
<h1>µVision Build Log</h1>
<h2>Project:</h2>
D:\Sykam Software Development\Framework 2017-04-11\DEVICE\S4121_V1.13\S4121.uvproj
Project File Date:  03/19/2019

<h2>Output:</h2>
Build target 'AT91SAM7X512 FLASH - ULINK'
compiling column_oven_support_funcs.c...
SRC\column_oven_support_funcs.c(574): warning:  #940-D: missing return statement at end of non-void function "ColumnOvenSupportFuncs_SetDacOutput"
SRC\column_oven_support_funcs.c(579): error:  #169: expected a declaration
SRC\column_oven_support_funcs.c(581): error:  #169: expected a declaration
SRC\column_oven_support_funcs.c(582): error:  #169: expected a declaration
SRC\column_oven_support_funcs.c(609): warning:  #12-D: parsing restarts here after previous syntax error
SRC\column_oven_support_funcs.c(622): error:  #77-D: this declaration has no storage class or type specifier
SRC\column_oven_support_funcs.c(622): error:  #65: expected a ";"
SRC\column_oven_support_funcs.c(630): error:  #77-D: this declaration has no storage class or type specifier
SRC\column_oven_support_funcs.c(630): error:  #65: expected a ";"
SRC\column_oven_support_funcs.c(632): error:  #169: expected a declaration
SRC\column_oven_support_funcs.c(649): warning:  #12-D: parsing restarts here after previous syntax error
SRC\column_oven_support_funcs.c(650): error:  #169: expected a declaration
SRC\column_oven_support_funcs.c(670): warning:  #12-D: parsing restarts here after previous syntax error
SRC\column_oven_support_funcs.c(671): error:  #169: expected a declaration
SRC\column_oven_support_funcs.c(749): warning:  #12-D: parsing restarts here after previous syntax error
SRC\column_oven_support_funcs.c(756): error:  #77-D: this declaration has no storage class or type specifier
SRC\column_oven_support_funcs.c(756): error:  #65: expected a ";"
SRC\column_oven_support_funcs.c(758): error:  #169: expected a declaration
SRC\column_oven_support_funcs.c(796): warning:  #12-D: parsing restarts here after previous syntax error
SRC\column_oven_support_funcs.c(798): error:  #169: expected a declaration
SRC\column_oven_support_funcs.c(807): warning:  #12-D: parsing restarts here after previous syntax error
SRC\column_oven_support_funcs.c(808): error:  #169: expected a declaration
SRC\column_oven_support_funcs.c(811): warning:  #12-D: parsing restarts here after previous syntax error
SRC\column_oven_support_funcs.c(812): error:  #169: expected a declaration
SRC\column_oven_support_funcs.c(815): error:  #169: expected a declaration
SRC\column_oven_support_funcs.c(844): warning:  #12-D: parsing restarts here after previous syntax error
SRC\column_oven_support_funcs.c(845): error:  #169: expected a declaration
SRC\column_oven_support_funcs.c(846): error:  #169: expected a declaration
compiling column_oven_signal_processing_tasks.c...
Target not created
Build target 'AT91SAM7X512 FLASH - ULINK'
compiling column_oven_support_funcs.c...
linking...
Program Size: Code=271560 RO-data=17308 RW-data=2752 ZI-data=112736  
".\OBJ\\Flash\S4121_V112.axf" - 0 Error(s), 0 Warning(s).
Load "D:\\Sykam Software Development\\Framework 2017-04-11\\DEVICE\\S4121_V1.13\\OBJ\\\\Flash\\S4121_V112.AXF" 
Programming Done.
Verify OK.
Application running ...
Build target 'AT91SAM7X512 FLASH - ULINK'
compiling column_oven_support_funcs.c...
compiling column_oven_signal_processing_tasks.c...
linking...
Program Size: Code=271364 RO-data=17308 RW-data=2752 ZI-data=112736  
".\OBJ\\Flash\S4121_V112.axf" - 0 Error(s), 0 Warning(s).
Build target 'AT91SAM7X512 FLASH - ULINK'
compiling column_oven_support_funcs.c...
linking...
Program Size: Code=271364 RO-data=17308 RW-data=2752 ZI-data=112736  
".\OBJ\\Flash\S4121_V112.axf" - 0 Error(s), 0 Warning(s).
Load "D:\\Sykam Software Development\\Framework 2017-04-11\\DEVICE\\S4121_V1.13\\OBJ\\\\Flash\\S4121_V112.AXF" 
Internal DLL Error
Build target 'AT91SAM7X512 FLASH - ULINK'
linking...
Program Size: Code=271364 RO-data=17308 RW-data=2752 ZI-data=112736  
".\OBJ\\Flash\S4121_V112.axf" - 0 Error(s), 0 Warning(s).
Load "D:\\Sykam Software Development\\Framework 2017-04-11\\DEVICE\\S4121_V1.13\\OBJ\\\\Flash\\S4121_V112.AXF" 
Programming Done.
Verify OK.
Application running ...
Build target 'AT91SAM7X512 FLASH - ULINK'
compiling column_oven_support_funcs.c...
linking...
Program Size: Code=271572 RO-data=17308 RW-data=2752 ZI-data=112736  
".\OBJ\\Flash\S4121_V112.axf" - 0 Error(s), 0 Warning(s).
Build target 'AT91SAM7X512 FLASH - ULINK'
compiling column_oven_support_funcs.c...
linking...
Program Size: Code=271576 RO-data=17308 RW-data=2752 ZI-data=112736  
".\OBJ\\Flash\S4121_V112.axf" - 0 Error(s), 0 Warning(s).
Load "D:\\Sykam Software Development\\Framework 2017-04-11\\DEVICE\\S4121_V1.13\\OBJ\\\\Flash\\S4121_V112.AXF" 
Programming Done.
Verify OK.
Application running ...
Build target 'AT91SAM7X512 FLASH - ULINK'
compiling column_oven_support_funcs.c...
linking...
Program Size: Code=271580 RO-data=17308 RW-data=2752 ZI-data=112736  
".\OBJ\\Flash\S4121_V112.axf" - 0 Error(s), 0 Warning(s).
Load "D:\\Sykam Software Development\\Framework 2017-04-11\\DEVICE\\S4121_V1.13\\OBJ\\\\Flash\\S4121_V112.AXF" 
Programming Done.
Verify OK.
Application running ...
Build target 'AT91SAM7X512 FLASH - ULINK'
compiling column_oven_support_funcs.c...
linking...
Program Size: Code=271576 RO-data=17308 RW-data=2752 ZI-data=112736  
".\OBJ\\Flash\S4121_V112.axf" - 0 Error(s), 0 Warning(s).
Load "D:\\Sykam Software Development\\Framework 2017-04-11\\DEVICE\\S4121_V1.13\\OBJ\\\\Flash\\S4121_V112.AXF" 
Programming Done.
Verify OK.
Application running ...
Build target 'AT91SAM7X512 FLASH - ULINK'
compiling column_oven_support_funcs.c...
linking...
Program Size: Code=271572 RO-data=17308 RW-data=2752 ZI-data=112736  
".\OBJ\\Flash\S4121_V112.axf" - 0 Error(s), 0 Warning(s).
Build target 'AT91SAM7X512 FLASH - ULINK'
linking...
Program Size: Code=271572 RO-data=17308 RW-data=2752 ZI-data=112736  
".\OBJ\\Flash\S4121_V112.axf" - 0 Error(s), 0 Warning(s).
Load "D:\\Sykam Software Development\\Framework 2017-04-11\\DEVICE\\S4121_V1.13\\OBJ\\\\Flash\\S4121_V112.AXF" 
Programming Done.
Verify OK.
Application running ...
Build target 'AT91SAM7X512 FLASH - ULINK'
compiling AT91SAM7X.c...
compiling lib_exceptions_funcs.c...
compiling common_modbus_funcs.c...
compiling common_modbus_tasks.c...
compiling common_cmds_owner.c...
compiling common_support_funcs.c...
compiling common_support_tasks.c...
compiling utils_funcs.c...
compiling utils_tasks.c...
compiling column_oven_main.c...
compiling column_oven_registers_funcs.c...
compiling column_oven_modbus_funcs.c...
compiling column_oven_modbus_tasks.c...
compiling column_oven_cmds_owner.c...
compiling column_oven_cmds_user.c...
compiling column_oven_cmds_reg.c...
compiling column_oven_support_funcs.c...
compiling column_oven_support_tasks.c...
compiling column_oven_signal_processing_funcs.c...
compiling column_oven_signal_processing_tasks.c...
compiling column_oven_control_params.c...
compiling valve_act_registers_funcs.c...
compiling valve_act_modbus_funcs.c...
compiling valve_act_modbus_tasks.c...
compiling valve_act_cmds_owner.c...
compiling valve_act_cmds_user.c...
compiling valve_act_cmds_reg.c...
compiling valve_act_support_funcs.c...
compiling valve_act_support_tasks.c...
compiling mbpb.c...
compiling mbpbregcb.c...
compiling usart.c...
compiling spi.c...
compiling stpclkdir.c...
compiling pwm.c...
compiling rtt.c...
compiling sysirq.c...
compiling adc.c...
compiling adcle.c...
compiling tmr.c...
compiling mcp2317.c...
compiling dacrrcs085.c...
compiling encgapdisk.c...
compiling fm25clss.c...
linking...
Program Size: Code=271792 RO-data=17308 RW-data=2752 ZI-data=112736  
".\OBJ\\Flash\S4121_V112.axf" - 0 Error(s), 0 Warning(s).
Build target 'AT91SAM7X512 FLASH - ULINK'
linking...
Program Size: Code=271792 RO-data=17308 RW-data=2752 ZI-data=112736  
".\OBJ\\Flash\S4121_V112.axf" - 0 Error(s), 0 Warning(s).
Load "D:\\Sykam Software Development\\Framework 2017-04-11\\DEVICE\\S4121_V1.13\\OBJ\\\\Flash\\S4121_V112.AXF" 
Programming Done.
Verify OK.
Application running ...
Build target 'AT91SAM7X512 FLASH - ULINK'
compiling column_oven_support_funcs.c...
linking...
Program Size: Code=271792 RO-data=17308 RW-data=2752 ZI-data=112736  
".\OBJ\\Flash\S4121_V112.axf" - 0 Error(s), 0 Warning(s).
Build target 'AT91SAM7X512 FLASH - ULINK'
compiling column_oven_support_funcs.c...
linking...
Program Size: Code=271788 RO-data=17308 RW-data=2752 ZI-data=112736  
".\OBJ\\Flash\S4121_V112.axf" - 0 Error(s), 0 Warning(s).
Build target 'AT91SAM7X512 FLASH - ULINK'
compiling column_oven_support_funcs.c...
linking...
Program Size: Code=271676 RO-data=17308 RW-data=2752 ZI-data=112736  
".\OBJ\\Flash\S4121_V112.axf" - 0 Error(s), 0 Warning(s).
Build target 'AT91SAM7X512 FLASH - ULINK'
linking...
Program Size: Code=271676 RO-data=17308 RW-data=2752 ZI-data=112736  
".\OBJ\\Flash\S4121_V112.axf" - 0 Error(s), 0 Warning(s).
Build target 'AT91SAM7X512 FLASH - ULINK'
compiling column_oven_support_funcs.c...
linking...
Program Size: Code=271680 RO-data=17308 RW-data=2752 ZI-data=112736  
".\OBJ\\Flash\S4121_V112.axf" - 0 Error(s), 0 Warning(s).
Load "D:\\Sykam Software Development\\Framework 2017-04-11\\DEVICE\\S4121_V1.13\\OBJ\\\\Flash\\S4121_V112.AXF" 
Programming Done.
Verify OK.
Application running ...
Build target 'AT91SAM7X512 FLASH - ULINK'
compiling column_oven_support_funcs.c...
linking...
Program Size: Code=271680 RO-data=17308 RW-data=2752 ZI-data=112736  
".\OBJ\\Flash\S4121_V112.axf" - 0 Error(s), 0 Warning(s).
Build target 'AT91SAM7X512 FLASH - ULINK'
linking...
Program Size: Code=271680 RO-data=17308 RW-data=2752 ZI-data=112736  
".\OBJ\\Flash\S4121_V112.axf" - 0 Error(s), 0 Warning(s).
Build target 'AT91SAM7X512 FLASH - ULINK'
compiling column_oven_support_funcs.c...
linking...
Program Size: Code=271568 RO-data=17308 RW-data=2752 ZI-data=112736  
".\OBJ\\Flash\S4121_V112.axf" - 0 Error(s), 0 Warning(s).
Build target 'AT91SAM7X512 FLASH - ULINK'
linking...
Program Size: Code=271568 RO-data=17308 RW-data=2752 ZI-data=112736  
".\OBJ\\Flash\S4121_V112.axf" - 0 Error(s), 0 Warning(s).
Build target 'AT91SAM7X512 FLASH - ULINK'
linking...
Program Size: Code=271568 RO-data=17308 RW-data=2752 ZI-data=112736  
".\OBJ\\Flash\S4121_V112.axf" - 0 Error(s), 0 Warning(s).
Load "D:\\Sykam Software Development\\Framework 2017-04-11\\DEVICE\\S4121_V1.13\\OBJ\\\\Flash\\S4121_V112.AXF" 
Programming Done.
Verify OK.
Application running ...
Build target 'AT91SAM7X512 FLASH - ULINK'
linking...
Program Size: Code=271568 RO-data=17308 RW-data=2752 ZI-data=112736  
".\OBJ\\Flash\S4121_V112_3Peltier_SpecialCase.axf" - 0 Error(s), 0 Warning(s).
