<html>
<body>
<pre>
<h1>µVision Build Log</h1>
<h2>Project:</h2>
D:\Sykam Software Development\Framework 2017-04-11\DEVICE\S4121_V1.11_2018.08.20\S4121.uvproj
Project File Date:  04/11/2017

<h2>Output:</h2>
Load "D:\\Sykam Software Development\\Framework 2017-04-11\\DEVICE\\S4121_V1.11_2018.08.20\\OBJ\\\\Flash\\S4121_V110_2017-04-11.AXF" 
Programming Done.
Verify OK.
Application running ...
Build target 'AT91SAM7X512 FLASH - ULINK'
linking...
Program Size: Code=270764 RO-data=17308 RW-data=2752 ZI-data=112736  
".\OBJ\\Flash\S4121_V111_2017-04-11.axf" - 0 Error(s), 0 Warning(s).
Load "D:\\Sykam Software Development\\Framework 2017-04-11\\DEVICE\\S4121_V1.11_2018.08.20\\OBJ\\\\Flash\\S4121_V111_2017-04-11.AXF" 
Programming Done.
Verify OK.
Application running ...
