<!doctype html public "-//w3c//dtd html 4.0 transitional//en">
<html><head>
<title>Static Call Graph - [.\OBJ\Flash\S4121_V110_2017-04-11.axf]</title></head>
<body><HR>
<H1>Static Call Graph for image .\OBJ\Flash\S4121_V110_2017-04-11.axf</H1><HR>
<BR><P>#&#060CALLGRAPH&#062# ARM Linker, 4.1 [Build 561]: Last Updated: Mon Aug 20 17:07:24 2018
<BR><P>
<H3>Maximum Stack Usage =        940 bytes + Unknown(Functions without stacksize, Cycles, Untraceable Function Pointers)</H3><H3>
Call chain for Maximum Stack Depth:</H3>
TSK_ColumnOvenMain_Init &rArr; ColumnOvenRegistersFuncs_InitRegisterBank &rArr; ColumnOvenRegistersFuncs_InitDeviceParams &rArr; ColumnOvenSupportFuncs_DeviceParamsInternCheck &rArr; UtilsFuncs_FixedMemDataPackagesRW &rArr; Fm25clssReadSafe &rArr; SpiMsgChannelNext &rArr; SpiMsgChannelCheck &rArr; SpiMsgChannel &rArr; os_sem_take &rArr; os_sem_wait &rArr; os_block &rArr; os_put_dly
<P>
<H3>
Functions with no stack information
</H3><UL>
 <LI><a href="#[52]">Reset_Handler</a>
 <LI><a href="#[23e]">os_sys_manager_ret</a>
 <LI><a href="#[213]">os_switch_tasks_ret</a>
 <LI><a href="#[205]">__user_initial_stackheap</a>
 <LI><a href="#[53]">Undef_Handler</a>
 <LI><a href="#[55]">PAbt_Handler</a>
 <LI><a href="#[56]">DAbt_Handler</a>
 <LI><a href="#[57]">IRQ_Handler</a>
 <LI><a href="#[58]">FIQ_Handler</a>
 <LI><a href="#[61]">Switch_task</a>
</UL>
</UL>
<P>
<H3>
Mutually Recursive functions
</H3> <LI><a href="#[53]">Undef_Handler</a>&nbsp;&nbsp;&nbsp;&rArr;&nbsp;&nbsp;&nbsp;<a href="#[53]">Undef_Handler</a><BR>
 <LI><a href="#[55]">PAbt_Handler</a>&nbsp;&nbsp;&nbsp;&rArr;&nbsp;&nbsp;&nbsp;<a href="#[55]">PAbt_Handler</a><BR>
 <LI><a href="#[56]">DAbt_Handler</a>&nbsp;&nbsp;&nbsp;&rArr;&nbsp;&nbsp;&nbsp;<a href="#[56]">DAbt_Handler</a><BR>
 <LI><a href="#[57]">IRQ_Handler</a>&nbsp;&nbsp;&nbsp;&rArr;&nbsp;&nbsp;&nbsp;<a href="#[57]">IRQ_Handler</a><BR>
 <LI><a href="#[58]">FIQ_Handler</a>&nbsp;&nbsp;&nbsp;&rArr;&nbsp;&nbsp;&nbsp;<a href="#[58]">FIQ_Handler</a><BR>
</UL>
<P>
<H3>
Function Pointers
</H3><UL>
 <LI><a href="#[69]">AT91SAM7X_FilterForModbusRequests</a> from at91sam7x.o(.text) referenced from column_oven_modbus_funcs.o(.text)
 <LI><a href="#[69]">AT91SAM7X_FilterForModbusRequests</a> from at91sam7x.o(.text) referenced from valve_act_modbus_funcs.o(.text)
 <LI><a href="#[1e]">ColumnOvenCmdsOwner_ControlParamsSave</a> from column_oven_cmds_owner.o(.text) referenced 2 times from column_oven_cmds_owner.o(.data)
 <LI><a href="#[1f]">ColumnOvenCmdsOwner_DeviceParamsLoad</a> from column_oven_cmds_owner.o(.text) referenced 2 times from column_oven_cmds_owner.o(.data)
 <LI><a href="#[21]">ColumnOvenCmdsOwner_HeatCoolProgramsReset</a> from column_oven_cmds_owner.o(.text) referenced 2 times from column_oven_cmds_owner.o(.data)
 <LI><a href="#[20]">ColumnOvenCmdsOwner_StatusDataLoad</a> from column_oven_cmds_owner.o(.text) referenced 2 times from column_oven_cmds_owner.o(.data)
 <LI><a href="#[28]">ColumnOvenCmdsReg_ControlSectionParams</a> from column_oven_cmds_reg.o(.text) referenced 2 times from column_oven_cmds_reg.o(.data)
 <LI><a href="#[2b]">ColumnOvenCmdsReg_GasSensorAlarmEnabled</a> from column_oven_cmds_reg.o(.text) referenced 2 times from column_oven_cmds_reg.o(.data)
 <LI><a href="#[29]">ColumnOvenCmdsReg_GasSensorAlarmThresholdPPM</a> from column_oven_cmds_reg.o(.text) referenced 2 times from column_oven_cmds_reg.o(.data)
 <LI><a href="#[2a]">ColumnOvenCmdsReg_GasSensorCalibrationResistance</a> from column_oven_cmds_reg.o(.text) referenced 2 times from column_oven_cmds_reg.o(.data)
 <LI><a href="#[2e]">ColumnOvenCmdsReg_HeatCoolProgramSetPointReachedBand</a> from column_oven_cmds_reg.o(.text) referenced 2 times from column_oven_cmds_reg.o(.data)
 <LI><a href="#[2c]">ColumnOvenCmdsReg_TemperatureOffset</a> from column_oven_cmds_reg.o(.text) referenced 2 times from column_oven_cmds_reg.o(.data)
 <LI><a href="#[2d]">ColumnOvenCmdsReg_TemperatureUnit</a> from column_oven_cmds_reg.o(.text) referenced 2 times from column_oven_cmds_reg.o(.data)
 <LI><a href="#[27]">ColumnOvenCmdsUser_HeatCoolCalibrationStart</a> from column_oven_cmds_user.o(.text) referenced 2 times from column_oven_cmds_user.o(.data)
 <LI><a href="#[24]">ColumnOvenCmdsUser_HeatCoolProgramDelete</a> from column_oven_cmds_user.o(.text) referenced 2 times from column_oven_cmds_user.o(.data)
 <LI><a href="#[25]">ColumnOvenCmdsUser_HeatCoolProgramSave</a> from column_oven_cmds_user.o(.text) referenced 2 times from column_oven_cmds_user.o(.data)
 <LI><a href="#[26]">ColumnOvenCmdsUser_HeatCoolProgramSelectToModify</a> from column_oven_cmds_user.o(.text) referenced 2 times from column_oven_cmds_user.o(.data)
 <LI><a href="#[22]">ColumnOvenCmdsUser_HeatCoolProgramStart</a> from column_oven_cmds_user.o(.text) referenced 2 times from column_oven_cmds_user.o(.data)
 <LI><a href="#[23]">ColumnOvenCmdsUser_HeatCoolProgramStop</a> from column_oven_cmds_user.o(.text) referenced 2 times from column_oven_cmds_user.o(.data)
 <LI><a href="#[e]">ColumnOvenSupportTasks_ExternControlContactHandler</a> from column_oven_support_tasks.o(.text) referenced 6 times from at91sam7x.o(.data)
 <LI><a href="#[18]">CommonCmdsOwner_DeviceRunTimeCounterReset</a> from common_cmds_owner.o(.text) referenced 2 times from common_cmds_owner.o(.data)
 <LI><a href="#[1a]">CommonCmdsOwner_ErrorCodeSW_ClearAll</a> from common_cmds_owner.o(.text) referenced 2 times from common_cmds_owner.o(.data)
 <LI><a href="#[19]">CommonCmdsOwner_ErrorCodeSW_ClearCurr</a> from common_cmds_owner.o(.text) referenced 2 times from common_cmds_owner.o(.data)
 <LI><a href="#[17]">CommonCmdsOwner_ModbusSetSlaveAddress</a> from common_cmds_owner.o(.text) referenced 2 times from common_cmds_owner.o(.data)
 <LI><a href="#[15]">CommonCmdsOwner_SykamDeviceDataLoad</a> from common_cmds_owner.o(.text) referenced 2 times from common_cmds_owner.o(.data)
 <LI><a href="#[16]">CommonCmdsOwner_SykamDeviceDataSave</a> from common_cmds_owner.o(.text) referenced 2 times from common_cmds_owner.o(.data)
 <LI><a href="#[1b]">CommonCmdsOwner_SykamDeviceDataWriteEnable</a> from common_cmds_owner.o(.text) referenced 2 times from common_cmds_owner.o(.data)
 <LI><a href="#[1d]">CommonCmdsReg_DeviceActiveInterface</a> from common_cmds_reg.o(.text) referenced 2 times from common_cmds_reg.o(.data)
 <LI><a href="#[56]">DAbt_Handler</a> from sam7.o(RESET) referenced from sam7.o(RESET)
 <LI><a href="#[58]">FIQ_Handler</a> from sam7.o(RESET) referenced from sam7.o(RESET)
 <LI><a href="#[57]">IRQ_Handler</a> from sam7.o(RESET) referenced from sam7.o(RESET)
 <LI><a href="#[14]">InitEncGapDiskGate_0</a> from encgapdisk.o(.text) referenced 2 times from at91sam7x.o(.data)
 <LI><a href="#[12]">InitEncGapDisk_0</a> from encgapdisk.o(.text) referenced 2 times from at91sam7x.o(.data)
 <LI><a href="#[10]">InitMcp2317_0</a> from mcp2317.o(.text) referenced 2 times from at91sam7x.o(.data)
 <LI><a href="#[13]">IsrEncGapDiskGate_0</a> from encgapdisk.o(.text) referenced 2 times from at91sam7x.o(.data)
 <LI><a href="#[11]">IsrEncGapDisk_0</a> from encgapdisk.o(.text) referenced 2 times from at91sam7x.o(.data)
 <LI><a href="#[f]">IsrMcp2317_0</a> from mcp2317.o(.text) referenced 2 times from at91sam7x.o(.data)
 <LI><a href="#[4c]">IsrPio0</a> from pio.o(.text) referenced 2 times from pio.o(.data)
 <LI><a href="#[4d]">IsrPio1</a> from pio.o(.text) referenced 2 times from pio.o(.data)
 <LI><a href="#[51]">IsrPwm0</a> from pwm.o(.text) referenced 2 times from pwm.o(.data)
 <LI><a href="#[c]">IsrRtt0</a> from rtt.o(.text) referenced 2 times from at91sam7x.o(.data)
 <LI><a href="#[4e]">IsrSpi0</a> from spi.o(.text) referenced 2 times from spi.o(.data)
 <LI><a href="#[4f]">IsrSpi1</a> from spi.o(.text) referenced 2 times from spi.o(.data)
 <LI><a href="#[d]">IsrStpClkDirPwm</a> from stpclkdir.o(.text) referenced 2 times from at91sam7x.o(.data)
 <LI><a href="#[50]">IsrStpClkDirTcc0</a> from stpclkdir.o(.text) referenced 2 times from stpclkdir.o(.data)
 <LI><a href="#[4a]">IsrUsart0</a> from usart.o(.text) referenced 2 times from usart.o(.data)
 <LI><a href="#[4b]">IsrUsart1</a> from usart.o(.text) referenced 2 times from usart.o(.data)
 <LI><a href="#[76]">MBPBFuncReadCoils</a> from mbpbcoils.o(.text) referenced from mbpb.o(.text)
 <LI><a href="#[75]">MBPBFuncReadDiscreteInputs</a> from mbpbdisc.o(.text) referenced from mbpb.o(.text)
 <LI><a href="#[79]">MBPBFuncReadGeneralReference</a> from mbpbgeneral.o(.text) referenced from mbpb.o(.text)
 <LI><a href="#[72]">MBPBFuncReadHoldingRegister</a> from mbpbholding.o(.text) referenced from mbpb.o(.text)
 <LI><a href="#[74]">MBPBFuncReadInputRegister</a> from mbpbinput.o(.text) referenced from mbpb.o(.text)
 <LI><a href="#[73]">MBPBFuncReadWriteMultipleHoldingRegister</a> from mbpbholding.o(.text) referenced from mbpb.o(.text)
 <LI><a href="#[7b]">MBPBFuncReportSlaveID</a> from mbpbother.o(.text) referenced from mbpb.o(.text)
 <LI><a href="#[77]">MBPBFuncWriteCoil</a> from mbpbcoils.o(.text) referenced from mbpb.o(.text)
 <LI><a href="#[7a]">MBPBFuncWriteGeneralReference</a> from mbpbgeneral.o(.text) referenced from mbpb.o(.text)
 <LI><a href="#[70]">MBPBFuncWriteHoldingRegister</a> from mbpbholding.o(.text) referenced from mbpb.o(.text)
 <LI><a href="#[78]">MBPBFuncWriteMultipleCoils</a> from mbpbcoils.o(.text) referenced from mbpb.o(.text)
 <LI><a href="#[71]">MBPBFuncWriteMultipleHoldingRegister</a> from mbpbholding.o(.text) referenced from mbpb.o(.text)
 <LI><a href="#[86]">MBPBSerAddrFix</a> from mbpbser.o(.text) referenced from mbpb.o(.text)
 <LI><a href="#[84]">MBPBSerAddrGet</a> from mbpbser.o(.text) referenced from mbpb.o(.text)
 <LI><a href="#[85]">MBPBSerAddrSet</a> from mbpbser.o(.text) referenced from mbpb.o(.text)
 <LI><a href="#[89]">MBPBSerDataGet</a> from mbpbser.o(.text) referenced from mbpb.o(.text)
 <LI><a href="#[88]">MBPBSerLenFix</a> from mbpbser.o(.text) referenced from mbpb.o(.text)
 <LI><a href="#[87]">MBPBSerLenGet</a> from mbpbser.o(.text) referenced from mbpb.o(.text)
 <LI><a href="#[8b]">MBPBSerNotifyRx</a> from mbpbser.o(.text) referenced from mbpb.o(.text)
 <LI><a href="#[8d]">MBPBSerNotifyTo</a> from mbpbser.o(.text) referenced from mbpb.o(.text)
 <LI><a href="#[8c]">MBPBSerNotifyTxDone</a> from mbpbser.o(.text) referenced from mbpb.o(.text)
 <LI><a href="#[83]">MBPBSerParserCook</a> from mbpbser.o(.text) referenced from mbpb.o(.text)
 <LI><a href="#[7f]">MBPBSerParserEnable</a> from mbpbser.o(.text) referenced from mbpb.o(.text)
 <LI><a href="#[80]">MBPBSerParserStart</a> from mbpbser.o(.text) referenced from mbpb.o(.text)
 <LI><a href="#[81]">MBPBSerParserStop</a> from mbpbser.o(.text) referenced from mbpb.o(.text)
 <LI><a href="#[82]">MBPBSerParserVerify</a> from mbpbser.o(.text) referenced from mbpb.o(.text)
 <LI><a href="#[91]">MBPBSerSyncPrepareRx</a> from mbpbser.o(.text) referenced from mbpb.o(.text)
 <LI><a href="#[8a]">MBPBSerTimeOutCalc</a> from mbpbser.o(.text) referenced from mbpb.o(.text)
 <LI><a href="#[b]">MBPBTmrHandler</a> from mbpb.o(.text) referenced 2 times from at91sam7x.o(.data)
 <LI><a href="#[55]">PAbt_Handler</a> from sam7.o(RESET) referenced from sam7.o(RESET)
 <LI><a href="#[52]">Reset_Handler</a> from sam7.o(RESET) referenced from sam7.o(RESET)
 <LI><a href="#[54]">SWI_Handler</a> from hal_arm.o(.emb_text) referenced from sam7.o(RESET)
 <LI><a href="#[90]">SpiMsgChannel</a> from spi.o(.text) referenced from mbpb.o(.text)
 <LI><a href="#[8e]">SpiRx</a> from spi.o(.text) referenced from mbpb.o(.text)
 <LI><a href="#[8f]">SpiTx</a> from spi.o(.text) referenced from mbpb.o(.text)
 <LI><a href="#[9a]">StpClkDirAuxDacRrcs085</a> from stpclkdir.o(.text) referenced from stpclkdir.o(.text)
 <LI><a href="#[9c]">StpClkDirAuxDirAt91Pio</a> from stpclkdir.o(.text) referenced from stpclkdir.o(.text)
 <LI><a href="#[9b]">StpClkDirAuxPwrMcp2317</a> from stpclkdir.o(.text) referenced from stpclkdir.o(.text)
 <LI><a href="#[61]">Switch_task</a> from hal_arm.o(.emb_text) referenced from hal_arm.o(.emb_text)
 <LI><a href="#[68]">TSK_ColumnOvenMain_Init</a> from column_oven_main.o(.text) referenced from column_oven_main.o(.text)
 <LI><a href="#[6a]">TSK_ColumnOvenModbusTasks_CmdExecution</a> from column_oven_modbus_tasks.o(.text) referenced from column_oven_modbus_funcs.o(.text)
 <LI><a href="#[6d]">TSK_ColumnOvenSignalProcessingTasks_TemperatureControl</a> from column_oven_signal_processing_tasks.o(.text) referenced from column_oven_signal_processing_funcs.o(.text)
 <LI><a href="#[6b]">TSK_ColumnOvenSupportTasks_GasSensing</a> from column_oven_support_tasks.o(.text) referenced from column_oven_support_funcs.o(.text)
 <LI><a href="#[6c]">TSK_ColumnOvenSupportTasks_GlobalTimer</a> from column_oven_support_tasks.o(.text) referenced from column_oven_support_funcs.o(.text)
 <LI><a href="#[64]">TSK_CommonModbusTasks_CmdExecution</a> from common_modbus_tasks.o(.text) referenced from common_modbus_funcs.o(.text)
 <LI><a href="#[65]">TSK_CommonSupportTasks_DeviceRunTimeCounter</a> from common_support_tasks.o(.text) referenced from common_support_funcs.o(.text)
 <LI><a href="#[66]">TSK_CommonSupportTasks_MainboardVoltageMonitoring</a> from common_support_tasks.o(.text) referenced from common_support_funcs.o(.text)
 <LI><a href="#[67]">TSK_UtilsTasks_Heartbeat</a> from utils_tasks.o(.text) referenced from utils_funcs.o(.text)
 <LI><a href="#[6e]">TSK_ValveActModbusTasks_CmdExecution</a> from valve_act_modbus_tasks.o(.text) referenced from valve_act_modbus_funcs.o(.text)
 <LI><a href="#[6f]">TSK_ValveActSupportTasks_GenerateInjectSignal</a> from valve_act_support_tasks.o(.text) referenced from valve_act_support_funcs.o(.text)
 <LI><a href="#[9f]">TskEncGapDiskMsg</a> from encgapdisk.o(.text) referenced from encgapdisk.o(.text)
 <LI><a href="#[93]">TskMBPBData</a> from mbpb.o(.text) referenced from mbpb.o(.text)
 <LI><a href="#[94]">TskMBPBMsg</a> from mbpb.o(.text) referenced from mbpb.o(.text)
 <LI><a href="#[92]">TskMBPBTrgFilter</a> from mbpb.o(.text) referenced from mbpb.o(.text)
 <LI><a href="#[9e]">TskNotifyHelperMcp2317</a> from mcp2317.o(.text) referenced from mcp2317.o(.text)
 <LI><a href="#[9d]">TskNotifyMcp2317</a> from mcp2317.o(.text) referenced from mcp2317.o(.text)
 <LI><a href="#[97]">TskSpiMsg</a> from spi.o(.text) referenced from spi.o(.text)
 <LI><a href="#[98]">TskSpiRx</a> from spi.o(.text) referenced from spi.o(.text)
 <LI><a href="#[99]">TskSpiTx</a> from spi.o(.text) referenced from spi.o(.text)
 <LI><a href="#[95]">TskUsartMsg</a> from usart.o(.text) referenced from usart.o(.text)
 <LI><a href="#[96]">TskUsartRx</a> from usart.o(.text) referenced from usart.o(.text)
 <LI><a href="#[53]">Undef_Handler</a> from sam7.o(RESET) referenced from sam7.o(RESET)
 <LI><a href="#[7e]">UsartMsg</a> from usart.o(.text) referenced from mbpb.o(.text)
 <LI><a href="#[7c]">UsartRx</a> from usart.o(.text) referenced from mbpb.o(.text)
 <LI><a href="#[7d]">UsartTx</a> from usart.o(.text) referenced from mbpb.o(.text)
 <LI><a href="#[1c]">UtilsFuncs_Dummy</a> from utils_funcs.o(.text) referenced 2 times from common_cmds_user.o(.data)
 <LI><a href="#[34]">ValveActCmdsOwner_CalWithDefaultParams</a> from valve_act_cmds_owner.o(.text) referenced 2 times from valve_act_cmds_owner.o(.data)
 <LI><a href="#[33]">ValveActCmdsOwner_CalWithDeviceParams</a> from valve_act_cmds_owner.o(.text) referenced 2 times from valve_act_cmds_owner.o(.data)
 <LI><a href="#[2f]">ValveActCmdsOwner_DeviceParamsLoad</a> from valve_act_cmds_owner.o(.text) referenced 2 times from valve_act_cmds_owner.o(.data)
 <LI><a href="#[30]">ValveActCmdsOwner_DeviceParamsLoadDefault</a> from valve_act_cmds_owner.o(.text) referenced 2 times from valve_act_cmds_owner.o(.data)
 <LI><a href="#[31]">ValveActCmdsOwner_DeviceParamsSave</a> from valve_act_cmds_owner.o(.text) referenced 2 times from valve_act_cmds_owner.o(.data)
 <LI><a href="#[35]">ValveActCmdsOwner_ResetTotalSwitchCounter</a> from valve_act_cmds_owner.o(.text) referenced 2 times from valve_act_cmds_owner.o(.data)
 <LI><a href="#[32]">ValveActCmdsOwner_StatusDataLoad</a> from valve_act_cmds_owner.o(.text) referenced 2 times from valve_act_cmds_owner.o(.data)
 <LI><a href="#[44]">ValveActCmdsReg_Cal_EdgeTypeTriggeredOn</a> from valve_act_cmds_reg.o(.text) referenced 2 times from valve_act_cmds_reg.o(.data)
 <LI><a href="#[43]">ValveActCmdsReg_Cal_MinUStepsThreshold</a> from valve_act_cmds_reg.o(.text) referenced 2 times from valve_act_cmds_reg.o(.data)
 <LI><a href="#[40]">ValveActCmdsReg_Cal_Mode</a> from valve_act_cmds_reg.o(.text) referenced 2 times from valve_act_cmds_reg.o(.data)
 <LI><a href="#[45]">ValveActCmdsReg_Cal_Tol_UStepsSameGapsCal</a> from valve_act_cmds_reg.o(.text) referenced 2 times from valve_act_cmds_reg.o(.data)
 <LI><a href="#[46]">ValveActCmdsReg_Cal_Tol_UStepsSameGapsRun</a> from valve_act_cmds_reg.o(.text) referenced 2 times from valve_act_cmds_reg.o(.data)
 <LI><a href="#[42]">ValveActCmdsReg_Cal_TrueGapNumber</a> from valve_act_cmds_reg.o(.text) referenced 2 times from valve_act_cmds_reg.o(.data)
 <LI><a href="#[3b]">ValveActCmdsReg_Cal_USPS_Init</a> from valve_act_cmds_reg.o(.text) referenced 2 times from valve_act_cmds_reg.o(.data)
 <LI><a href="#[3f]">ValveActCmdsReg_Cal_USPS_Run</a> from valve_act_cmds_reg.o(.text) referenced 2 times from valve_act_cmds_reg.o(.data)
 <LI><a href="#[3e]">ValveActCmdsReg_Cal_USPS_Start</a> from valve_act_cmds_reg.o(.text) referenced 2 times from valve_act_cmds_reg.o(.data)
 <LI><a href="#[3c]">ValveActCmdsReg_Cal_UStepsAcc</a> from valve_act_cmds_reg.o(.text) referenced 2 times from valve_act_cmds_reg.o(.data)
 <LI><a href="#[3d]">ValveActCmdsReg_Cal_UStepsBreak</a> from valve_act_cmds_reg.o(.text) referenced 2 times from valve_act_cmds_reg.o(.data)
 <LI><a href="#[41]">ValveActCmdsReg_Cal_UStepsFullCircle</a> from valve_act_cmds_reg.o(.text) referenced 2 times from valve_act_cmds_reg.o(.data)
 <LI><a href="#[3a]">ValveActCmdsReg_Cal_UStepsInit</a> from valve_act_cmds_reg.o(.text) referenced 2 times from valve_act_cmds_reg.o(.data)
 <LI><a href="#[49]">ValveActCmdsReg_CurrentValveType</a> from valve_act_cmds_reg.o(.text) referenced 2 times from valve_act_cmds_reg.o(.data)
 <LI><a href="#[47]">ValveActCmdsReg_DAC_HoldMotorDriver</a> from valve_act_cmds_reg.o(.text) referenced 2 times from valve_act_cmds_reg.o(.data)
 <LI><a href="#[48]">ValveActCmdsReg_DAC_RunMotorDriver</a> from valve_act_cmds_reg.o(.text) referenced 2 times from valve_act_cmds_reg.o(.data)
 <LI><a href="#[36]">ValveActCmdsUser_GoToHomePos</a> from valve_act_cmds_user.o(.text) referenced 2 times from valve_act_cmds_user.o(.data)
 <LI><a href="#[39]">ValveActCmdsUser_GoToInquiredPos</a> from valve_act_cmds_user.o(.text) referenced 2 times from valve_act_cmds_user.o(.data)
 <LI><a href="#[37]">ValveActCmdsUser_GoToNextPos</a> from valve_act_cmds_user.o(.text) referenced 2 times from valve_act_cmds_user.o(.data)
 <LI><a href="#[38]">ValveActCmdsUser_GoToPreviousPos</a> from valve_act_cmds_user.o(.text) referenced 2 times from valve_act_cmds_user.o(.data)
 <LI><a href="#[a0]">__SWI_0</a> from hal_arm.o(i.__SWI_0) referenced from swi_table.o(SWI_TABLE)
 <LI><a href="#[a1]">__SWI_1</a> from rt_membox.o(i.__SWI_1) referenced from swi_table.o(SWI_TABLE)
 <LI><a href="#[a2]">__SWI_2</a> from rt_membox.o(i.__SWI_2) referenced from swi_table.o(SWI_TABLE)
 <LI><a href="#[a3]">__SWI_3</a> from hal_arm.o(i.__SWI_3) referenced from swi_table.o(SWI_TABLE)
 <LI><a href="#[a4]">__SWI_4</a> from hal_arm.o(i.__SWI_4) referenced from swi_table.o(SWI_TABLE)
 <LI><a href="#[a5]">__SWI_5</a> from rtx_config.o(.text) referenced from swi_table.o(SWI_TABLE)
 <LI><a href="#[a6]">__SWI_6</a> from hal_arm.o(i.__SWI_6) referenced from swi_table.o(SWI_TABLE)
 <LI><a href="#[a7]">__SWI_7</a> from hal_arm.o(i.__SWI_7) referenced from swi_table.o(SWI_TABLE)
 <LI><a href="#[aa]">__main</a> from __main.o(!!!main) referenced from sam7.o(RESET)
 <LI><a href="#[5c]">irq_sys_handler</a> from sysirq.o(.text) referenced from rtx_config.o(.emb_text)
 <LI><a href="#[5a]">main</a> from column_oven_main.o(.text) referenced from rtentry2.o(.ARM.Collect$$rtentry$$0000000D)
 <LI><a href="#[5b]">os_clock_interrupt</a> from hal_arm.o(.emb_text) referenced from rtx_config.o(.emb_text)
 <LI><a href="#[62]">os_def_interrupt</a> from rtx_config.o(.text) referenced from rtx_config.o(.text)
 <LI><a href="#[a8]">os_idle_demon</a> from rtx_config.o(.text) referenced from rt_task.o(i.os_sys_init1)
 <LI><a href="#[5e]">os_irq_ack_lock</a> from rtx_config.o(.text) referenced from hal_arm.o(.emb_text)
 <LI><a href="#[5d]">os_sys_init1</a> from rt_task.o(i.os_sys_init1) referenced from hal_arm.o(.emb_text)
 <LI><a href="#[5f]">os_sys_manager</a> from rt_system.o(i.os_sys_manager) referenced from hal_arm.o(.emb_text)
 <LI><a href="#[a9]">os_tsk_create0</a> from rt_task.o(i.os_tsk_create0) referenced from rt_task.o(i.os_sys_init1)
 <LI><a href="#[63]">sys_ctrl_interrupt</a> from rtx_config.o(.emb_text) referenced from rtx_config.o(.text)
 <LI><a href="#[60]">tsk_unlock</a> from rtx_config.o(.text) referenced from hal_arm.o(.emb_text)
</UL>
<P>
<H3>
Global Symbols
</H3>
<P><STRONG><a name="[52]"></a>Reset_Handler</STRONG> (ARM, 0 bytes, Stack size unknown bytes, sam7.o(RESET))
<BR>[Address Reference Count : 1]<UL><LI> sam7.o(RESET)
</UL>
<P><STRONG><a name="[aa]"></a>__main</STRONG> (ARM, 8 bytes, Stack size 0 bytes, __main.o(!!!main))
<BR><BR>[Calls]<UL><LI><a href="#[ac]">&gt;&gt;</a>&nbsp;&nbsp;&nbsp;__rt_entry
<LI><a href="#[ab]">&gt;&gt;</a>&nbsp;&nbsp;&nbsp;__scatterload
</UL>

<P><STRONG><a name="[ab]"></a>__scatterload</STRONG> (ARM, 0 bytes, Stack size unknown bytes, __scatter.o(!!!scatter))
<BR><BR>[Called By]<UL><LI><a href="#[aa]">&gt;&gt;</a>&nbsp;&nbsp;&nbsp;__main
</UL>

<P><STRONG><a name="[ad]"></a>__scatterload_rt2</STRONG> (ARM, 52 bytes, Stack size unknown bytes, __scatter.o(!!!scatter), UNUSED)
<BR><BR>[Calls]<UL><LI><a href="#[ac]">&gt;&gt;</a>&nbsp;&nbsp;&nbsp;__rt_entry
</UL>

<P><STRONG><a name="[26b]"></a>__scatterload_null</STRONG> (ARM, 0 bytes, Stack size unknown bytes, __scatter.o(!!!scatter), UNUSED)

<P><STRONG><a name="[26c]"></a>__decompress</STRONG> (ARM, 92 bytes, Stack size unknown bytes, __dczerorl2.o(!!dczerorl2), UNUSED)

<P><STRONG><a name="[26d]"></a>__decompress1</STRONG> (ARM, 0 bytes, Stack size unknown bytes, __dczerorl2.o(!!dczerorl2), UNUSED)

<P><STRONG><a name="[26e]"></a>__scatterload_zeroinit</STRONG> (ARM, 44 bytes, Stack size unknown bytes, __scatter_zi.o(!!handler_zi), UNUSED)

<P><STRONG><a name="[ae]"></a>__rt_lib_init</STRONG> (Thumb, 0 bytes, Stack size unknown bytes, libinit.o(.ARM.Collect$$libinit$$00000000))
<BR><BR>[Stack]<UL><LI>Max Depth = 24 + Unknown Stack Size
<LI>Call Chain = __rt_lib_init &rArr; _fp_init &rArr; __rt_fp_status_addr &rArr; __user_perthread_libspace
</UL>
<BR>[Calls]<UL><LI><a href="#[af]">&gt;&gt;</a>&nbsp;&nbsp;&nbsp;_fp_init (via Veneer)
</UL>
<BR>[Called By]<UL><LI><a href="#[b4]">&gt;&gt;</a>&nbsp;&nbsp;&nbsp;__rt_entry_li (via Veneer)
</UL>

<P><STRONG><a name="[b0]"></a>__rt_lib_init_heap_2</STRONG> (Thumb, 0 bytes, Stack size unknown bytes, libinit2.o(.ARM.Collect$$libinit$$00000001))
<BR><BR>[Stack]<UL><LI>Max Depth = 64 + Unknown Stack Size
<LI>Call Chain = __rt_lib_init_heap_2 &rArr; _init_alloc &rArr; __rt_SIGRTMEM &rArr; __rt_SIGRTMEM_inner &rArr; __default_signal_display &rArr; _ttywrch
</UL>
<BR>[Calls]<UL><LI><a href="#[b1]">&gt;&gt;</a>&nbsp;&nbsp;&nbsp;_init_alloc
</UL>

<P><STRONG><a name="[26f]"></a>__rt_lib_init_alloca_1</STRONG> (Thumb, 0 bytes, Stack size unknown bytes, libinit2.o(.ARM.Collect$$libinit$$0000002A))

<P><STRONG><a name="[270]"></a>__rt_lib_init_argv_1</STRONG> (Thumb, 0 bytes, Stack size unknown bytes, libinit2.o(.ARM.Collect$$libinit$$00000028))

<P><STRONG><a name="[271]"></a>__rt_lib_init_atexit_1</STRONG> (Thumb, 0 bytes, Stack size unknown bytes, libinit2.o(.ARM.Collect$$libinit$$00000017))

<P><STRONG><a name="[272]"></a>__rt_lib_init_clock_1</STRONG> (Thumb, 0 bytes, Stack size unknown bytes, libinit2.o(.ARM.Collect$$libinit$$0000001D))

<P><STRONG><a name="[273]"></a>__rt_lib_init_cpp_1</STRONG> (Thumb, 0 bytes, Stack size unknown bytes, libinit2.o(.ARM.Collect$$libinit$$0000002E))

<P><STRONG><a name="[274]"></a>__rt_lib_init_exceptions_1</STRONG> (Thumb, 0 bytes, Stack size unknown bytes, libinit2.o(.ARM.Collect$$libinit$$0000002C))

<P><STRONG><a name="[275]"></a>__rt_lib_init_fp_trap_1</STRONG> (Thumb, 0 bytes, Stack size unknown bytes, libinit2.o(.ARM.Collect$$libinit$$0000001B))

<P><STRONG><a name="[276]"></a>__rt_lib_init_getenv_1</STRONG> (Thumb, 0 bytes, Stack size unknown bytes, libinit2.o(.ARM.Collect$$libinit$$0000001F))

<P><STRONG><a name="[277]"></a>__rt_lib_init_heap_1</STRONG> (Thumb, 0 bytes, Stack size unknown bytes, libinit2.o(.ARM.Collect$$libinit$$00000006))

<P><STRONG><a name="[278]"></a>__rt_lib_init_lc_collate_1</STRONG> (Thumb, 0 bytes, Stack size unknown bytes, libinit2.o(.ARM.Collect$$libinit$$0000000D))

<P><STRONG><a name="[279]"></a>__rt_lib_init_lc_ctype_1</STRONG> (Thumb, 0 bytes, Stack size unknown bytes, libinit2.o(.ARM.Collect$$libinit$$0000000F))

<P><STRONG><a name="[27a]"></a>__rt_lib_init_lc_monetary_1</STRONG> (Thumb, 0 bytes, Stack size unknown bytes, libinit2.o(.ARM.Collect$$libinit$$00000011))

<P><STRONG><a name="[27b]"></a>__rt_lib_init_lc_numeric_1</STRONG> (Thumb, 0 bytes, Stack size unknown bytes, libinit2.o(.ARM.Collect$$libinit$$00000013))

<P><STRONG><a name="[27c]"></a>__rt_lib_init_lc_time_1</STRONG> (Thumb, 0 bytes, Stack size unknown bytes, libinit2.o(.ARM.Collect$$libinit$$00000015))

<P><STRONG><a name="[27d]"></a>__rt_lib_init_rand_1</STRONG> (Thumb, 0 bytes, Stack size unknown bytes, libinit2.o(.ARM.Collect$$libinit$$0000000A))

<P><STRONG><a name="[27e]"></a>__rt_lib_init_return</STRONG> (Thumb, 0 bytes, Stack size unknown bytes, libinit2.o(.ARM.Collect$$libinit$$0000002F))

<P><STRONG><a name="[27f]"></a>__rt_lib_init_signal_1</STRONG> (Thumb, 0 bytes, Stack size unknown bytes, libinit2.o(.ARM.Collect$$libinit$$00000019))

<P><STRONG><a name="[280]"></a>__rt_lib_init_stdio_1</STRONG> (Thumb, 0 bytes, Stack size unknown bytes, libinit2.o(.ARM.Collect$$libinit$$00000021))

<P><STRONG><a name="[281]"></a>__rt_lib_init_user_alloc_1</STRONG> (Thumb, 0 bytes, Stack size unknown bytes, libinit2.o(.ARM.Collect$$libinit$$00000008))

<P><STRONG><a name="[b8]"></a>__rt_lib_shutdown</STRONG> (Thumb, 0 bytes, Stack size unknown bytes, libshutdown.o(.ARM.Collect$$libshutdown$$00000000))
<BR><BR>[Called By]<UL><LI><a href="#[b7]">&gt;&gt;</a>&nbsp;&nbsp;&nbsp;__rt_exit_ls (via Veneer)
</UL>

<P><STRONG><a name="[282]"></a>__rt_lib_shutdown_fp_trap_1</STRONG> (Thumb, 0 bytes, Stack size unknown bytes, libshutdown2.o(.ARM.Collect$$libshutdown$$00000006))

<P><STRONG><a name="[283]"></a>__rt_lib_shutdown_heap_1</STRONG> (Thumb, 0 bytes, Stack size unknown bytes, libshutdown2.o(.ARM.Collect$$libshutdown$$0000000E))

<P><STRONG><a name="[284]"></a>__rt_lib_shutdown_return</STRONG> (Thumb, 0 bytes, Stack size unknown bytes, libshutdown2.o(.ARM.Collect$$libshutdown$$0000000F))

<P><STRONG><a name="[285]"></a>__rt_lib_shutdown_signal_1</STRONG> (Thumb, 0 bytes, Stack size unknown bytes, libshutdown2.o(.ARM.Collect$$libshutdown$$00000009))

<P><STRONG><a name="[286]"></a>__rt_lib_shutdown_stdio_1</STRONG> (Thumb, 0 bytes, Stack size unknown bytes, libshutdown2.o(.ARM.Collect$$libshutdown$$00000003))

<P><STRONG><a name="[287]"></a>__rt_lib_shutdown_user_alloc_1</STRONG> (Thumb, 0 bytes, Stack size unknown bytes, libshutdown2.o(.ARM.Collect$$libshutdown$$0000000B))

<P><STRONG><a name="[ac]"></a>__rt_entry</STRONG> (ARM, 0 bytes, Stack size unknown bytes, rtentry.o(.ARM.Collect$$rtentry$$00000000))
<BR><BR>[Called By]<UL><LI><a href="#[aa]">&gt;&gt;</a>&nbsp;&nbsp;&nbsp;__main
<LI><a href="#[ad]">&gt;&gt;</a>&nbsp;&nbsp;&nbsp;__scatterload_rt2
</UL>

<P><STRONG><a name="[288]"></a>__rt_entry_presh_1</STRONG> (ARM, 0 bytes, Stack size unknown bytes, rtentry2.o(.ARM.Collect$$rtentry$$00000002))

<P><STRONG><a name="[b2]"></a>__rt_entry_sh</STRONG> (ARM, 0 bytes, Stack size unknown bytes, rtentry4.o(.ARM.Collect$$rtentry$$00000004))
<BR><BR>[Stack]<UL><LI>Max Depth = 8 + Unknown Stack Size
<LI>Call Chain = __rt_entry_sh &rArr; __user_setup_stackheap
</UL>
<BR>[Calls]<UL><LI><a href="#[b3]">&gt;&gt;</a>&nbsp;&nbsp;&nbsp;__user_setup_stackheap
</UL>

<P><STRONG><a name="[b4]"></a>__rt_entry_li</STRONG> (ARM, 0 bytes, Stack size unknown bytes, rtentry2.o(.ARM.Collect$$rtentry$$0000000A))
<BR><BR>[Stack]<UL><LI>Max Depth = 24 + Unknown Stack Size
<LI>Call Chain = __rt_entry_li &rArr; __rt_lib_init &rArr; _fp_init &rArr; __rt_fp_status_addr &rArr; __user_perthread_libspace
</UL>
<BR>[Calls]<UL><LI><a href="#[ae]">&gt;&gt;</a>&nbsp;&nbsp;&nbsp;__rt_lib_init (via Veneer)
</UL>

<P><STRONG><a name="[289]"></a>__rt_entry_postsh_1</STRONG> (ARM, 0 bytes, Stack size unknown bytes, rtentry2.o(.ARM.Collect$$rtentry$$00000009))

<P><STRONG><a name="[b5]"></a>__rt_entry_main</STRONG> (ARM, 0 bytes, Stack size unknown bytes, rtentry2.o(.ARM.Collect$$rtentry$$0000000D))
<BR><BR>[Calls]<UL><LI><a href="#[b6]">&gt;&gt;</a>&nbsp;&nbsp;&nbsp;exit (via BX)
</UL>

<P><STRONG><a name="[28a]"></a>__rt_entry_postli_1</STRONG> (ARM, 0 bytes, Stack size unknown bytes, rtentry2.o(.ARM.Collect$$rtentry$$0000000C))

<P><STRONG><a name="[207]"></a>__rt_exit</STRONG> (ARM, 0 bytes, Stack size unknown bytes, rtexit.o(.ARM.Collect$$rtexit$$00000000))
<BR><BR>[Called By]<UL><LI><a href="#[b6]">&gt;&gt;</a>&nbsp;&nbsp;&nbsp;exit (via Veneer)
</UL>

<P><STRONG><a name="[b7]"></a>__rt_exit_ls</STRONG> (ARM, 0 bytes, Stack size unknown bytes, rtexit2.o(.ARM.Collect$$rtexit$$00000003))
<BR><BR>[Calls]<UL><LI><a href="#[b8]">&gt;&gt;</a>&nbsp;&nbsp;&nbsp;__rt_lib_shutdown (via Veneer)
</UL>

<P><STRONG><a name="[28b]"></a>__rt_exit_prels_1</STRONG> (ARM, 0 bytes, Stack size unknown bytes, rtexit2.o(.ARM.Collect$$rtexit$$00000002))

<P><STRONG><a name="[b9]"></a>__rt_exit_exit</STRONG> (ARM, 0 bytes, Stack size unknown bytes, rtexit2.o(.ARM.Collect$$rtexit$$00000004))
<BR><BR>[Calls]<UL><LI><a href="#[ba]">&gt;&gt;</a>&nbsp;&nbsp;&nbsp;_sys_exit (via Veneer)
</UL>

<P><STRONG><a name="[63]"></a>sys_ctrl_interrupt</STRONG> (ARM, 48 bytes, Stack size 0 bytes, rtx_config.o(.emb_text))
<BR>[Address Reference Count : 1]<UL><LI> rtx_config.o(.text)
</UL>
<P><STRONG><a name="[232]"></a>_inc_qi</STRONG> (Thumb, 60 bytes, Stack size 0 bytes, hal_arm.o(.emb_text))
<BR><BR>[Called By]<UL><LI><a href="#[21f]">&gt;&gt;</a>&nbsp;&nbsp;&nbsp;os_psq_enq
</UL>

<P><STRONG><a name="[23c]"></a>_dec_qc</STRONG> (Thumb, 32 bytes, Stack size 0 bytes, hal_arm.o(.emb_text))
<BR><BR>[Called By]<UL><LI><a href="#[5f]">&gt;&gt;</a>&nbsp;&nbsp;&nbsp;os_sys_manager
</UL>

<P><STRONG><a name="[237]"></a>os_set_env</STRONG> (Thumb, 8 bytes, Stack size 0 bytes, hal_arm.o(.emb_text))
<BR><BR>[Called By]<UL><LI><a href="#[5d]">&gt;&gt;</a>&nbsp;&nbsp;&nbsp;os_sys_init1
</UL>

<P><STRONG><a name="[10b]"></a>os_sys_init0</STRONG> (Thumb, 12 bytes, Stack size 0 bytes, hal_arm.o(.emb_text))
<BR><BR>[Called By]<UL><LI><a href="#[5a]">&gt;&gt;</a>&nbsp;&nbsp;&nbsp;main (via Veneer)
</UL>

<P><STRONG><a name="[23a]"></a>os_sys_run</STRONG> (Thumb, 16 bytes, Stack size 0 bytes, hal_arm.o(.emb_text))
<BR><BR>[Called By]<UL><LI><a href="#[5d]">&gt;&gt;</a>&nbsp;&nbsp;&nbsp;os_sys_init1
</UL>

<P><STRONG><a name="[5b]"></a>os_clock_interrupt</STRONG> (ARM, 128 bytes, Stack size 0 bytes, hal_arm.o(.emb_text))
<BR>[Address Reference Count : 1]<UL><LI> rtx_config.o(.emb_text)
</UL>
<P><STRONG><a name="[23e]"></a>os_sys_manager_ret</STRONG> (Thumb, 0 bytes, Stack size unknown bytes, hal_arm.o(.emb_text))
<BR><BR>[Called By]<UL><LI><a href="#[5f]">&gt;&gt;</a>&nbsp;&nbsp;&nbsp;os_sys_manager
</UL>

<P><STRONG><a name="[54]"></a>SWI_Handler</STRONG> (ARM, 192 bytes, Stack size 0 bytes, hal_arm.o(.emb_text))
<BR>[Address Reference Count : 1]<UL><LI> sam7.o(RESET)
</UL>
<P><STRONG><a name="[213]"></a>os_switch_tasks_ret</STRONG> (Thumb, 0 bytes, Stack size unknown bytes, hal_arm.o(.emb_text))
<BR><BR>[Called By]<UL><LI><a href="#[a0]">&gt;&gt;</a>&nbsp;&nbsp;&nbsp;__SWI_0
</UL>

<P><STRONG><a name="[28c]"></a>_maybe_terminate_alloc</STRONG> (Thumb, 0 bytes, Stack size 0 bytes, maybetermalloc1.o(.emb_text), UNUSED)

<P><STRONG><a name="[28d]"></a>irq_sysforce_handler</STRONG> (ARM, 8 bytes, Stack size 0 bytes, rtx_config.o(.text), UNUSED)

<P><STRONG><a name="[a8]"></a>os_idle_demon</STRONG> (ARM, 8 bytes, Stack size 0 bytes, rtx_config.o(.text))
<BR><BR>[Called By]<UL><LI><a href="#[5d]">&gt;&gt;</a>&nbsp;&nbsp;&nbsp;os_sys_init1 (via Veneer)
</UL>
<BR>[Address Reference Count : 1]<UL><LI> rt_task.o(i.os_sys_init1)
</UL>
<P><STRONG><a name="[bb]"></a>os_error</STRONG> (ARM, 88 bytes, Stack size 0 bytes, rtx_config.o(.text))
<BR><BR>[Calls]<UL><LI><a href="#[bc]">&gt;&gt;</a>&nbsp;&nbsp;&nbsp;os_tsk_self (via Veneer)
</UL>
<BR>[Called By]<UL><LI><a href="#[211]">&gt;&gt;</a>&nbsp;&nbsp;&nbsp;os_stk_check (via Veneer)
<LI><a href="#[22d]">&gt;&gt;</a>&nbsp;&nbsp;&nbsp;os_mbx_psh (via Veneer)
<LI><a href="#[21f]">&gt;&gt;</a>&nbsp;&nbsp;&nbsp;os_psq_enq (via Veneer)
</UL>

<P><STRONG><a name="[238]"></a>os_tmr_init</STRONG> (Thumb, 28 bytes, Stack size 0 bytes, rtx_config.o(.text))
<BR><BR>[Called By]<UL><LI><a href="#[5d]">&gt;&gt;</a>&nbsp;&nbsp;&nbsp;os_sys_init1
</UL>

<P><STRONG><a name="[231]"></a>os_tmr_force_irq</STRONG> (Thumb, 30 bytes, Stack size 0 bytes, rtx_config.o(.text))
<BR><BR>[Called By]<UL><LI><a href="#[220]">&gt;&gt;</a>&nbsp;&nbsp;&nbsp;os_psh_req
</UL>

<P><STRONG><a name="[230]"></a>os_tmr_inspect_cnt</STRONG> (Thumb, 10 bytes, Stack size 0 bytes, rtx_config.o(.text))
<BR><BR>[Called By]<UL><LI><a href="#[5f]">&gt;&gt;</a>&nbsp;&nbsp;&nbsp;os_sys_manager
<LI><a href="#[220]">&gt;&gt;</a>&nbsp;&nbsp;&nbsp;os_psh_req
</UL>

<P><STRONG><a name="[22f]"></a>os_tmr_inspect_ovf</STRONG> (Thumb, 10 bytes, Stack size 0 bytes, rtx_config.o(.text))
<BR><BR>[Called By]<UL><LI><a href="#[5f]">&gt;&gt;</a>&nbsp;&nbsp;&nbsp;os_sys_manager
<LI><a href="#[220]">&gt;&gt;</a>&nbsp;&nbsp;&nbsp;os_psh_req
</UL>

<P><STRONG><a name="[5e]"></a>os_irq_ack_lock</STRONG> (Thumb, 32 bytes, Stack size 0 bytes, rtx_config.o(.text))
<BR>[Address Reference Count : 1]<UL><LI> hal_arm.o(.emb_text)
</UL>
<P><STRONG><a name="[a5]"></a>__SWI_5</STRONG> (Thumb, 8 bytes, Stack size 0 bytes, rtx_config.o(.text))
<BR>[Address Reference Count : 1]<UL><LI> swi_table.o(SWI_TABLE)
</UL>
<P><STRONG><a name="[60]"></a>tsk_unlock</STRONG> (Thumb, 16 bytes, Stack size 0 bytes, rtx_config.o(.text))
<BR><BR>[Called By]<UL><LI><a href="#[f5]">&gt;&gt;</a>&nbsp;&nbsp;&nbsp;os_tsk_pass
<LI><a href="#[ed]">&gt;&gt;</a>&nbsp;&nbsp;&nbsp;os_tsk_delete
<LI><a href="#[e4]">&gt;&gt;</a>&nbsp;&nbsp;&nbsp;os_sem_wait
<LI><a href="#[e2]">&gt;&gt;</a>&nbsp;&nbsp;&nbsp;os_sem_init
<LI><a href="#[dd]">&gt;&gt;</a>&nbsp;&nbsp;&nbsp;RttRestart (via Veneer)
<LI><a href="#[d9]">&gt;&gt;</a>&nbsp;&nbsp;&nbsp;os_dly_wait
<LI><a href="#[a9]">&gt;&gt;</a>&nbsp;&nbsp;&nbsp;os_tsk_create0
<LI><a href="#[d5]">&gt;&gt;</a>&nbsp;&nbsp;&nbsp;os_mbx_init
<LI><a href="#[c1]">&gt;&gt;</a>&nbsp;&nbsp;&nbsp;os_mut_wait
<LI><a href="#[c3]">&gt;&gt;</a>&nbsp;&nbsp;&nbsp;os_mut_release
<LI><a href="#[bf]">&gt;&gt;</a>&nbsp;&nbsp;&nbsp;os_mut_init
<LI><a href="#[12c]">&gt;&gt;</a>&nbsp;&nbsp;&nbsp;os_evt_wait
<LI><a href="#[126]">&gt;&gt;</a>&nbsp;&nbsp;&nbsp;os_itv_wait
<LI><a href="#[127]">&gt;&gt;</a>&nbsp;&nbsp;&nbsp;os_evt_set
<LI><a href="#[f9]">&gt;&gt;</a>&nbsp;&nbsp;&nbsp;SpiInitChannel (via Veneer)
<LI><a href="#[95]">&gt;&gt;</a>&nbsp;&nbsp;&nbsp;TskUsartMsg (via Veneer)
<LI><a href="#[96]">&gt;&gt;</a>&nbsp;&nbsp;&nbsp;TskUsartRx (via Veneer)
<LI><a href="#[172]">&gt;&gt;</a>&nbsp;&nbsp;&nbsp;TskUsartTx (via Veneer)
<LI><a href="#[160]">&gt;&gt;</a>&nbsp;&nbsp;&nbsp;MBPBSerParserChange (via Veneer)
<LI><a href="#[15e]">&gt;&gt;</a>&nbsp;&nbsp;&nbsp;MBPBSerEncode (via Veneer)
<LI><a href="#[159]">&gt;&gt;</a>&nbsp;&nbsp;&nbsp;MBPBSerNotifyExTo (via Veneer)
<LI><a href="#[14b]">&gt;&gt;</a>&nbsp;&nbsp;&nbsp;os_tmr_kill
<LI><a href="#[14c]">&gt;&gt;</a>&nbsp;&nbsp;&nbsp;os_tmr_create
<LI><a href="#[16b]">&gt;&gt;</a>&nbsp;&nbsp;&nbsp;os_sem_send
<LI><a href="#[14a]">&gt;&gt;</a>&nbsp;&nbsp;&nbsp;os_mbx_send_safe (via Veneer)
<LI><a href="#[82]">&gt;&gt;</a>&nbsp;&nbsp;&nbsp;MBPBSerParserVerify (via Veneer)
<LI><a href="#[83]">&gt;&gt;</a>&nbsp;&nbsp;&nbsp;MBPBSerParserCook (via Veneer)
<LI><a href="#[8c]">&gt;&gt;</a>&nbsp;&nbsp;&nbsp;MBPBSerNotifyTxDone (via Veneer)
<LI><a href="#[8b]">&gt;&gt;</a>&nbsp;&nbsp;&nbsp;MBPBSerNotifyRx (via Veneer)
<LI><a href="#[87]">&gt;&gt;</a>&nbsp;&nbsp;&nbsp;MBPBSerLenGet (via Veneer)
<LI><a href="#[88]">&gt;&gt;</a>&nbsp;&nbsp;&nbsp;MBPBSerLenFix (via Veneer)
<LI><a href="#[85]">&gt;&gt;</a>&nbsp;&nbsp;&nbsp;MBPBSerAddrSet (via Veneer)
<LI><a href="#[84]">&gt;&gt;</a>&nbsp;&nbsp;&nbsp;MBPBSerAddrGet (via Veneer)
<LI><a href="#[71]">&gt;&gt;</a>&nbsp;&nbsp;&nbsp;MBPBFuncWriteMultipleHoldingRegister (via Veneer)
<LI><a href="#[78]">&gt;&gt;</a>&nbsp;&nbsp;&nbsp;MBPBFuncWriteMultipleCoils (via Veneer)
<LI><a href="#[7a]">&gt;&gt;</a>&nbsp;&nbsp;&nbsp;MBPBFuncWriteGeneralReference (via Veneer)
<LI><a href="#[73]">&gt;&gt;</a>&nbsp;&nbsp;&nbsp;MBPBFuncReadWriteMultipleHoldingRegister (via Veneer)
<LI><a href="#[74]">&gt;&gt;</a>&nbsp;&nbsp;&nbsp;MBPBFuncReadInputRegister (via Veneer)
<LI><a href="#[72]">&gt;&gt;</a>&nbsp;&nbsp;&nbsp;MBPBFuncReadHoldingRegister (via Veneer)
<LI><a href="#[79]">&gt;&gt;</a>&nbsp;&nbsp;&nbsp;MBPBFuncReadGeneralReference (via Veneer)
<LI><a href="#[75]">&gt;&gt;</a>&nbsp;&nbsp;&nbsp;MBPBFuncReadDiscreteInputs (via Veneer)
<LI><a href="#[76]">&gt;&gt;</a>&nbsp;&nbsp;&nbsp;MBPBFuncReadCoils (via Veneer)
<LI><a href="#[151]">&gt;&gt;</a>&nbsp;&nbsp;&nbsp;MBPBMsgCtrl (via Veneer)
<LI><a href="#[92]">&gt;&gt;</a>&nbsp;&nbsp;&nbsp;TskMBPBTrgFilter (via Veneer)
<LI><a href="#[93]">&gt;&gt;</a>&nbsp;&nbsp;&nbsp;TskMBPBData (via Veneer)
<LI><a href="#[94]">&gt;&gt;</a>&nbsp;&nbsp;&nbsp;TskMBPBMsg (via Veneer)
<LI><a href="#[147]">&gt;&gt;</a>&nbsp;&nbsp;&nbsp;os_mbx_wait
<LI><a href="#[145]">&gt;&gt;</a>&nbsp;&nbsp;&nbsp;os_mbx_send
<LI><a href="#[144]">&gt;&gt;</a>&nbsp;&nbsp;&nbsp;StpClkDirClksAbsGet (via Veneer)
<LI><a href="#[1d3]">&gt;&gt;</a>&nbsp;&nbsp;&nbsp;os_mbx_read (via Veneer)
<LI><a href="#[1d2]">&gt;&gt;</a>&nbsp;&nbsp;&nbsp;sem_check (via Veneer)
<LI><a href="#[1c6]">&gt;&gt;</a>&nbsp;&nbsp;&nbsp;TskRttMsg (via Veneer)
<LI><a href="#[1a3]">&gt;&gt;</a>&nbsp;&nbsp;&nbsp;os_mbx_write (via Veneer)
<LI><a href="#[1a9]">&gt;&gt;</a>&nbsp;&nbsp;&nbsp;_StpClkDirStart (via Veneer)
<LI><a href="#[194]">&gt;&gt;</a>&nbsp;&nbsp;&nbsp;StpClkDirTccIrqHandlerStop (via Veneer)
<LI><a href="#[19d]">&gt;&gt;</a>&nbsp;&nbsp;&nbsp;StpClkDirClksAbsShiftSetEx (via Veneer)
<LI><a href="#[1bc]">&gt;&gt;</a>&nbsp;&nbsp;&nbsp;StpClkDirJobClksGet (via Veneer)
<LI><a href="#[1bb]">&gt;&gt;</a>&nbsp;&nbsp;&nbsp;StpClkDirClksGet (via Veneer)
<LI><a href="#[1b8]">&gt;&gt;</a>&nbsp;&nbsp;&nbsp;StpClkDirClksAbsSet (via Veneer)
<LI><a href="#[1b4]">&gt;&gt;</a>&nbsp;&nbsp;&nbsp;StpClkDirHzGet (via Veneer)
<LI><a href="#[1ab]">&gt;&gt;</a>&nbsp;&nbsp;&nbsp;StpClkDirSpeedChange (via Veneer)
<LI><a href="#[19b]">&gt;&gt;</a>&nbsp;&nbsp;&nbsp;TskStpClkDirHold (via Veneer)
<LI><a href="#[18c]">&gt;&gt;</a>&nbsp;&nbsp;&nbsp;SpiTxTagQueue (via Veneer)
<LI><a href="#[18a]">&gt;&gt;</a>&nbsp;&nbsp;&nbsp;SpiTxTagUnlock (via Veneer)
<LI><a href="#[189]">&gt;&gt;</a>&nbsp;&nbsp;&nbsp;SpiTxLock (via Veneer)
<LI><a href="#[188]">&gt;&gt;</a>&nbsp;&nbsp;&nbsp;SpiTxTag (via Veneer)
<LI><a href="#[187]">&gt;&gt;</a>&nbsp;&nbsp;&nbsp;SpiRxTag (via Veneer)
<LI><a href="#[186]">&gt;&gt;</a>&nbsp;&nbsp;&nbsp;SpiMsgChannelNext (via Veneer)
<LI><a href="#[97]">&gt;&gt;</a>&nbsp;&nbsp;&nbsp;TskSpiMsg (via Veneer)
<LI><a href="#[181]">&gt;&gt;</a>&nbsp;&nbsp;&nbsp;TskSpiMsgChannel (via Veneer)
<LI><a href="#[98]">&gt;&gt;</a>&nbsp;&nbsp;&nbsp;TskSpiRx (via Veneer)
<LI><a href="#[99]">&gt;&gt;</a>&nbsp;&nbsp;&nbsp;TskSpiTx (via Veneer)
<LI><a href="#[a0]">&gt;&gt;</a>&nbsp;&nbsp;&nbsp;__SWI_0
</UL>
<BR>[Address Reference Count : 1]<UL><LI> hal_arm.o(.emb_text)
</UL>
<P><STRONG><a name="[bd]"></a>__user_perthread_libspace</STRONG> (Thumb, 30 bytes, Stack size 8 bytes, rtx_config.o(.text))
<BR><BR>[Stack]<UL><LI>Max Depth = 8<LI>Call Chain = __user_perthread_libspace
</UL>
<BR>[Calls]<UL><LI><a href="#[bc]">&gt;&gt;</a>&nbsp;&nbsp;&nbsp;os_tsk_self
</UL>
<BR>[Called By]<UL><LI><a href="#[20a]">&gt;&gt;</a>&nbsp;&nbsp;&nbsp;__rt_fp_status_addr (via Veneer)
<LI><a href="#[201]">&gt;&gt;</a>&nbsp;&nbsp;&nbsp;__aeabi_errno_addr (via Veneer)
</UL>

<P><STRONG><a name="[be]"></a>_mutex_initialize</STRONG> (Thumb, 36 bytes, Stack size 8 bytes, rtx_config.o(.text))
<BR><BR>[Stack]<UL><LI>Max Depth = 24<LI>Call Chain = _mutex_initialize &rArr; os_mut_init
</UL>
<BR>[Calls]<UL><LI><a href="#[bf]">&gt;&gt;</a>&nbsp;&nbsp;&nbsp;os_mut_init
</UL>
<BR>[Called By]<UL><LI><a href="#[1ff]">&gt;&gt;</a>&nbsp;&nbsp;&nbsp;__Heap_Initialize
</UL>

<P><STRONG><a name="[c0]"></a>_mutex_acquire</STRONG> (Thumb, 22 bytes, Stack size 8 bytes, rtx_config.o(.text))
<BR><BR>[Stack]<UL><LI>Max Depth = 44<LI>Call Chain = _mutex_acquire &rArr; os_mut_wait &rArr; os_block &rArr; os_put_dly
</UL>
<BR>[Calls]<UL><LI><a href="#[bc]">&gt;&gt;</a>&nbsp;&nbsp;&nbsp;os_tsk_self
<LI><a href="#[c1]">&gt;&gt;</a>&nbsp;&nbsp;&nbsp;os_mut_wait
</UL>
<BR>[Called By]<UL><LI><a href="#[1f3]">&gt;&gt;</a>&nbsp;&nbsp;&nbsp;malloc
<LI><a href="#[f3]">&gt;&gt;</a>&nbsp;&nbsp;&nbsp;free
</UL>

<P><STRONG><a name="[c2]"></a>_mutex_release</STRONG> (Thumb, 20 bytes, Stack size 8 bytes, rtx_config.o(.text))
<BR><BR>[Stack]<UL><LI>Max Depth = 56<LI>Call Chain = _mutex_release &rArr; os_mut_release &rArr; os_dispatch &rArr; os_put_prio
</UL>
<BR>[Calls]<UL><LI><a href="#[bc]">&gt;&gt;</a>&nbsp;&nbsp;&nbsp;os_tsk_self
<LI><a href="#[c3]">&gt;&gt;</a>&nbsp;&nbsp;&nbsp;os_mut_release
</UL>
<BR>[Called By]<UL><LI><a href="#[1f3]">&gt;&gt;</a>&nbsp;&nbsp;&nbsp;malloc
<LI><a href="#[f3]">&gt;&gt;</a>&nbsp;&nbsp;&nbsp;free
</UL>

<P><STRONG><a name="[69]"></a>AT91SAM7X_FilterForModbusRequests</STRONG> (ARM, 96 bytes, Stack size 24 bytes, at91sam7x.o(.text))
<BR><BR>[Stack]<UL><LI>Max Depth = 28<LI>Call Chain = AT91SAM7X_FilterForModbusRequests &rArr; ValveActModbusFuncs_FilterForModbusRequests
</UL>
<BR>[Calls]<UL><LI><a href="#[c5]">&gt;&gt;</a>&nbsp;&nbsp;&nbsp;ValveActModbusFuncs_FilterForModbusRequests
<LI><a href="#[c4]">&gt;&gt;</a>&nbsp;&nbsp;&nbsp;CommonModbusFuncs_FilterForModbusRequests
<LI><a href="#[c6]">&gt;&gt;</a>&nbsp;&nbsp;&nbsp;ColumnOvenModbusFuncs_FilterForModbusRequests
</UL>
<BR>[Address Reference Count : 2]<UL><LI> column_oven_modbus_funcs.o(.text)
<LI> valve_act_modbus_funcs.o(.text)
</UL>
<P><STRONG><a name="[205]"></a>__user_initial_stackheap</STRONG> (ARM, 0 bytes, Stack size unknown bytes, sam7.o(.text))
<BR><BR>[Called By]<UL><LI><a href="#[b3]">&gt;&gt;</a>&nbsp;&nbsp;&nbsp;__user_setup_stackheap
</UL>

<P><STRONG><a name="[c7]"></a>LibExceptionsFuncs_ExceptionSet</STRONG> (ARM, 1384 bytes, Stack size 72 bytes, lib_exceptions_funcs.o(.text))
<BR><BR>[Stack]<UL><LI>Max Depth = 324 + Unknown Stack Size
<LI>Call Chain = LibExceptionsFuncs_ExceptionSet &rArr; Mcp2317SetOutput &rArr; SpiMsgChannelNext &rArr; SpiMsgChannelCheck &rArr; SpiMsgChannel &rArr; os_sem_take &rArr; os_sem_wait &rArr; os_block &rArr; os_put_dly
</UL>
<BR>[Calls]<UL><LI><a href="#[ca]">&gt;&gt;</a>&nbsp;&nbsp;&nbsp;Mcp2317SetOutput
<LI><a href="#[c8]">&gt;&gt;</a>&nbsp;&nbsp;&nbsp;MBPBRegAccess
<LI><a href="#[c9]">&gt;&gt;</a>&nbsp;&nbsp;&nbsp;CommonSupportFuncs_ErrorStringSW_FindAndSet
</UL>
<BR>[Called By]<UL><LI><a href="#[66]">&gt;&gt;</a>&nbsp;&nbsp;&nbsp;TSK_CommonSupportTasks_MainboardVoltageMonitoring
<LI><a href="#[65]">&gt;&gt;</a>&nbsp;&nbsp;&nbsp;TSK_CommonSupportTasks_DeviceRunTimeCounter
<LI><a href="#[64]">&gt;&gt;</a>&nbsp;&nbsp;&nbsp;TSK_CommonModbusTasks_CmdExecution
<LI><a href="#[e]">&gt;&gt;</a>&nbsp;&nbsp;&nbsp;ColumnOvenSupportTasks_ExternControlContactHandler
<LI><a href="#[6d]">&gt;&gt;</a>&nbsp;&nbsp;&nbsp;TSK_ColumnOvenSignalProcessingTasks_TemperatureControl
<LI><a href="#[6b]">&gt;&gt;</a>&nbsp;&nbsp;&nbsp;TSK_ColumnOvenSupportTasks_GasSensing
<LI><a href="#[6a]">&gt;&gt;</a>&nbsp;&nbsp;&nbsp;TSK_ColumnOvenModbusTasks_CmdExecution
<LI><a href="#[1f]">&gt;&gt;</a>&nbsp;&nbsp;&nbsp;ColumnOvenCmdsOwner_DeviceParamsLoad
<LI><a href="#[68]">&gt;&gt;</a>&nbsp;&nbsp;&nbsp;TSK_ColumnOvenMain_Init
<LI><a href="#[146]">&gt;&gt;</a>&nbsp;&nbsp;&nbsp;ValveActSupportTasks_ExternControlContactHandler
<LI><a href="#[6f]">&gt;&gt;</a>&nbsp;&nbsp;&nbsp;TSK_ValveActSupportTasks_GenerateInjectSignal
<LI><a href="#[6e]">&gt;&gt;</a>&nbsp;&nbsp;&nbsp;TSK_ValveActModbusTasks_CmdExecution
</UL>

<P><STRONG><a name="[cb]"></a>CommonRegistersFuncs_InitDeviceStatusData</STRONG> (ARM, 148 bytes, Stack size 128 bytes, common_registers_funcs.o(.text))
<BR><BR>[Stack]<UL><LI>Max Depth = 268<LI>Call Chain = CommonRegistersFuncs_InitDeviceStatusData &rArr; MBPBRegAccessStruct &rArr; MBPBRegAccess &rArr; os_sem_take &rArr; os_sem_wait &rArr; os_block &rArr; os_put_dly
</UL>
<BR>[Calls]<UL><LI><a href="#[cd]">&gt;&gt;</a>&nbsp;&nbsp;&nbsp;MBPBRegAccessStruct
<LI><a href="#[cc]">&gt;&gt;</a>&nbsp;&nbsp;&nbsp;__aeabi_memclr4
</UL>
<BR>[Called By]<UL><LI><a href="#[d3]">&gt;&gt;</a>&nbsp;&nbsp;&nbsp;CommonRegistersFuncs_InitRegisterBank
</UL>

<P><STRONG><a name="[ce]"></a>CommonRegistersFuncs_InitDeviceParams</STRONG> (ARM, 140 bytes, Stack size 32 bytes, common_registers_funcs.o(.text))
<BR><BR>[Stack]<UL><LI>Max Depth = 172<LI>Call Chain = CommonRegistersFuncs_InitDeviceParams &rArr; MBPBRegAccessStruct &rArr; MBPBRegAccess &rArr; os_sem_take &rArr; os_sem_wait &rArr; os_block &rArr; os_put_dly
</UL>
<BR>[Calls]<UL><LI><a href="#[cd]">&gt;&gt;</a>&nbsp;&nbsp;&nbsp;MBPBRegAccessStruct
</UL>
<BR>[Called By]<UL><LI><a href="#[d3]">&gt;&gt;</a>&nbsp;&nbsp;&nbsp;CommonRegistersFuncs_InitRegisterBank
</UL>

<P><STRONG><a name="[cf]"></a>CommonRegistersFuncs_InitSykamDeviceData</STRONG> (ARM, 380 bytes, Stack size 128 bytes, common_registers_funcs.o(.text))
<BR><BR>[Stack]<UL><LI>Max Depth = 268<LI>Call Chain = CommonRegistersFuncs_InitSykamDeviceData &rArr; MBPBRegAccessStruct &rArr; MBPBRegAccess &rArr; os_sem_take &rArr; os_sem_wait &rArr; os_block &rArr; os_put_dly
</UL>
<BR>[Calls]<UL><LI><a href="#[d1]">&gt;&gt;</a>&nbsp;&nbsp;&nbsp;UtilsFuncs_SwapBytes
<LI><a href="#[cd]">&gt;&gt;</a>&nbsp;&nbsp;&nbsp;MBPBRegAccessStruct
<LI><a href="#[d2]">&gt;&gt;</a>&nbsp;&nbsp;&nbsp;MBPBProductDescSet
<LI><a href="#[cc]">&gt;&gt;</a>&nbsp;&nbsp;&nbsp;__aeabi_memclr4
<LI><a href="#[d0]">&gt;&gt;</a>&nbsp;&nbsp;&nbsp;__aeabi_memcpy
</UL>
<BR>[Called By]<UL><LI><a href="#[d3]">&gt;&gt;</a>&nbsp;&nbsp;&nbsp;CommonRegistersFuncs_InitRegisterBank
</UL>

<P><STRONG><a name="[d3]"></a>CommonRegistersFuncs_InitRegisterBank</STRONG> (ARM, 92 bytes, Stack size 8 bytes, common_registers_funcs.o(.text))
<BR><BR>[Stack]<UL><LI>Max Depth = 276<LI>Call Chain = CommonRegistersFuncs_InitRegisterBank &rArr; CommonRegistersFuncs_InitSykamDeviceData &rArr; MBPBRegAccessStruct &rArr; MBPBRegAccess &rArr; os_sem_take &rArr; os_sem_wait &rArr; os_block &rArr; os_put_dly
</UL>
<BR>[Calls]<UL><LI><a href="#[cf]">&gt;&gt;</a>&nbsp;&nbsp;&nbsp;CommonRegistersFuncs_InitSykamDeviceData
<LI><a href="#[ce]">&gt;&gt;</a>&nbsp;&nbsp;&nbsp;CommonRegistersFuncs_InitDeviceParams
<LI><a href="#[cb]">&gt;&gt;</a>&nbsp;&nbsp;&nbsp;CommonRegistersFuncs_InitDeviceStatusData
</UL>
<BR>[Called By]<UL><LI><a href="#[68]">&gt;&gt;</a>&nbsp;&nbsp;&nbsp;TSK_ColumnOvenMain_Init
</UL>

<P><STRONG><a name="[db]"></a>CommonRegistersFuncs_SykamDeviceDataConsistencyCheck</STRONG> (ARM, 56 bytes, Stack size 0 bytes, common_registers_funcs.o(.text))
<BR><BR>[Called By]<UL><LI><a href="#[16]">&gt;&gt;</a>&nbsp;&nbsp;&nbsp;CommonCmdsOwner_SykamDeviceDataSave
</UL>

<P><STRONG><a name="[d4]"></a>CommonModbusFuncs_InitTasks</STRONG> (ARM, 176 bytes, Stack size 48 bytes, common_modbus_funcs.o(.text))
<BR><BR>[Stack]<UL><LI>Max Depth = 156<LI>Call Chain = CommonModbusFuncs_InitTasks &rArr; MBPBTrgFilterSetEx &rArr; os_sem_take &rArr; os_sem_wait &rArr; os_block &rArr; os_put_dly
</UL>
<BR>[Calls]<UL><LI><a href="#[a9]">&gt;&gt;</a>&nbsp;&nbsp;&nbsp;os_tsk_create0 (via Veneer)
<LI><a href="#[d5]">&gt;&gt;</a>&nbsp;&nbsp;&nbsp;os_mbx_init (via Veneer)
<LI><a href="#[d6]">&gt;&gt;</a>&nbsp;&nbsp;&nbsp;MBPBTrgFilterSetEx
</UL>
<BR>[Called By]<UL><LI><a href="#[68]">&gt;&gt;</a>&nbsp;&nbsp;&nbsp;TSK_ColumnOvenMain_Init
</UL>

<P><STRONG><a name="[c4]"></a>CommonModbusFuncs_FilterForModbusRequests</STRONG> (ARM, 384 bytes, Stack size 4 bytes, common_modbus_funcs.o(.text))
<BR><BR>[Stack]<UL><LI>Max Depth = 4<LI>Call Chain = CommonModbusFuncs_FilterForModbusRequests
</UL>
<BR>[Called By]<UL><LI><a href="#[69]">&gt;&gt;</a>&nbsp;&nbsp;&nbsp;AT91SAM7X_FilterForModbusRequests
</UL>

<P><STRONG><a name="[64]"></a>TSK_CommonModbusTasks_CmdExecution</STRONG> (ARM, 524 bytes, Stack size 56 bytes, common_modbus_tasks.o(.text))
<BR><BR>[Stack]<UL><LI>Max Depth = 380 + Unknown Stack Size
<LI>Call Chain = TSK_CommonModbusTasks_CmdExecution &rArr; LibExceptionsFuncs_ExceptionSet &rArr; Mcp2317SetOutput &rArr; SpiMsgChannelNext &rArr; SpiMsgChannelCheck &rArr; SpiMsgChannel &rArr; os_sem_take &rArr; os_sem_wait &rArr; os_block &rArr; os_put_dly
</UL>
<BR>[Calls]<UL><LI><a href="#[d9]">&gt;&gt;</a>&nbsp;&nbsp;&nbsp;os_dly_wait (via Veneer)
<LI><a href="#[d7]">&gt;&gt;</a>&nbsp;&nbsp;&nbsp;MBPBTrgWaitDecode
<LI><a href="#[c7]">&gt;&gt;</a>&nbsp;&nbsp;&nbsp;LibExceptionsFuncs_ExceptionSet
<LI><a href="#[d8]">&gt;&gt;</a>&nbsp;&nbsp;&nbsp;__aeabi_uidivmod
</UL>
<BR>[Address Reference Count : 1]<UL><LI> common_modbus_funcs.o(.text)
</UL>
<P><STRONG><a name="[15]"></a>CommonCmdsOwner_SykamDeviceDataLoad</STRONG> (ARM, 252 bytes, Stack size 144 bytes, common_cmds_owner.o(.text))
<BR><BR>[Stack]<UL><LI>Max Depth = 476 + Unknown Stack Size
<LI>Call Chain = CommonCmdsOwner_SykamDeviceDataLoad &rArr; UtilsFuncs_FixedMemDataPackagesRW &rArr; Fm25clssReadSafe &rArr; SpiMsgChannelNext &rArr; SpiMsgChannelCheck &rArr; SpiMsgChannel &rArr; os_sem_take &rArr; os_sem_wait &rArr; os_block &rArr; os_put_dly
</UL>
<BR>[Calls]<UL><LI><a href="#[da]">&gt;&gt;</a>&nbsp;&nbsp;&nbsp;UtilsFuncs_FixedMemDataPackagesRW
<LI><a href="#[d1]">&gt;&gt;</a>&nbsp;&nbsp;&nbsp;UtilsFuncs_SwapBytes
<LI><a href="#[cd]">&gt;&gt;</a>&nbsp;&nbsp;&nbsp;MBPBRegAccessStruct
<LI><a href="#[cc]">&gt;&gt;</a>&nbsp;&nbsp;&nbsp;__aeabi_memclr4
</UL>
<BR>[Called By]<UL><LI><a href="#[68]">&gt;&gt;</a>&nbsp;&nbsp;&nbsp;TSK_ColumnOvenMain_Init
</UL>
<BR>[Address Reference Count : 1]<UL><LI> common_cmds_owner.o(.data)
</UL>
<P><STRONG><a name="[16]"></a>CommonCmdsOwner_SykamDeviceDataSave</STRONG> (ARM, 228 bytes, Stack size 144 bytes, common_cmds_owner.o(.text))
<BR><BR>[Stack]<UL><LI>Max Depth = 476 + Unknown Stack Size
<LI>Call Chain = CommonCmdsOwner_SykamDeviceDataSave &rArr; UtilsFuncs_FixedMemDataPackagesRW &rArr; Fm25clssReadSafe &rArr; SpiMsgChannelNext &rArr; SpiMsgChannelCheck &rArr; SpiMsgChannel &rArr; os_sem_take &rArr; os_sem_wait &rArr; os_block &rArr; os_put_dly
</UL>
<BR>[Calls]<UL><LI><a href="#[da]">&gt;&gt;</a>&nbsp;&nbsp;&nbsp;UtilsFuncs_FixedMemDataPackagesRW
<LI><a href="#[d1]">&gt;&gt;</a>&nbsp;&nbsp;&nbsp;UtilsFuncs_SwapBytes
<LI><a href="#[cd]">&gt;&gt;</a>&nbsp;&nbsp;&nbsp;MBPBRegAccessStruct
<LI><a href="#[db]">&gt;&gt;</a>&nbsp;&nbsp;&nbsp;CommonRegistersFuncs_SykamDeviceDataConsistencyCheck
</UL>
<BR>[Address Reference Count : 1]<UL><LI> common_cmds_owner.o(.data)
</UL>
<P><STRONG><a name="[17]"></a>CommonCmdsOwner_ModbusSetSlaveAddress</STRONG> (ARM, 160 bytes, Stack size 32 bytes, common_cmds_owner.o(.text))
<BR><BR>[Stack]<UL><LI>Max Depth = 364 + Unknown Stack Size
<LI>Call Chain = CommonCmdsOwner_ModbusSetSlaveAddress &rArr; UtilsFuncs_FixedMemDataPackagesRW &rArr; Fm25clssReadSafe &rArr; SpiMsgChannelNext &rArr; SpiMsgChannelCheck &rArr; SpiMsgChannel &rArr; os_sem_take &rArr; os_sem_wait &rArr; os_block &rArr; os_put_dly
</UL>
<BR>[Calls]<UL><LI><a href="#[da]">&gt;&gt;</a>&nbsp;&nbsp;&nbsp;UtilsFuncs_FixedMemDataPackagesRW
<LI><a href="#[dc]">&gt;&gt;</a>&nbsp;&nbsp;&nbsp;MBPBProductAddrSet
</UL>
<BR>[Address Reference Count : 1]<UL><LI> common_cmds_owner.o(.data)
</UL>
<P><STRONG><a name="[18]"></a>CommonCmdsOwner_DeviceRunTimeCounterReset</STRONG> (ARM, 284 bytes, Stack size 56 bytes, common_cmds_owner.o(.text))
<BR><BR>[Stack]<UL><LI>Max Depth = 388 + Unknown Stack Size
<LI>Call Chain = CommonCmdsOwner_DeviceRunTimeCounterReset &rArr; UtilsFuncs_FixedMemDataPackagesRW &rArr; Fm25clssReadSafe &rArr; SpiMsgChannelNext &rArr; SpiMsgChannelCheck &rArr; SpiMsgChannel &rArr; os_sem_take &rArr; os_sem_wait &rArr; os_block &rArr; os_put_dly
</UL>
<BR>[Calls]<UL><LI><a href="#[da]">&gt;&gt;</a>&nbsp;&nbsp;&nbsp;UtilsFuncs_FixedMemDataPackagesRW
<LI><a href="#[dd]">&gt;&gt;</a>&nbsp;&nbsp;&nbsp;RttRestart
<LI><a href="#[c8]">&gt;&gt;</a>&nbsp;&nbsp;&nbsp;MBPBRegAccess
</UL>
<BR>[Address Reference Count : 1]<UL><LI> common_cmds_owner.o(.data)
</UL>
<P><STRONG><a name="[19]"></a>CommonCmdsOwner_ErrorCodeSW_ClearCurr</STRONG> (ARM, 412 bytes, Stack size 56 bytes, common_cmds_owner.o(.text))
<BR><BR>[Stack]<UL><LI>Max Depth = 308 + Unknown Stack Size
<LI>Call Chain = CommonCmdsOwner_ErrorCodeSW_ClearCurr &rArr; Mcp2317SetOutput &rArr; SpiMsgChannelNext &rArr; SpiMsgChannelCheck &rArr; SpiMsgChannel &rArr; os_sem_take &rArr; os_sem_wait &rArr; os_block &rArr; os_put_dly
</UL>
<BR>[Calls]<UL><LI><a href="#[df]">&gt;&gt;</a>&nbsp;&nbsp;&nbsp;CommonSupportFuncs_ErrorStringSW_Clear
<LI><a href="#[de]">&gt;&gt;</a>&nbsp;&nbsp;&nbsp;CommonSupportFuncs_ErrorCodeSW_ClearCurrPair
<LI><a href="#[ca]">&gt;&gt;</a>&nbsp;&nbsp;&nbsp;Mcp2317SetOutput
<LI><a href="#[c8]">&gt;&gt;</a>&nbsp;&nbsp;&nbsp;MBPBRegAccess
<LI><a href="#[c9]">&gt;&gt;</a>&nbsp;&nbsp;&nbsp;CommonSupportFuncs_ErrorStringSW_FindAndSet
</UL>
<BR>[Address Reference Count : 1]<UL><LI> common_cmds_owner.o(.data)
</UL>
<P><STRONG><a name="[1a]"></a>CommonCmdsOwner_ErrorCodeSW_ClearAll</STRONG> (ARM, 224 bytes, Stack size 24 bytes, common_cmds_owner.o(.text))
<BR><BR>[Stack]<UL><LI>Max Depth = 276 + Unknown Stack Size
<LI>Call Chain = CommonCmdsOwner_ErrorCodeSW_ClearAll &rArr; Mcp2317SetOutput &rArr; SpiMsgChannelNext &rArr; SpiMsgChannelCheck &rArr; SpiMsgChannel &rArr; os_sem_take &rArr; os_sem_wait &rArr; os_block &rArr; os_put_dly
</UL>
<BR>[Calls]<UL><LI><a href="#[df]">&gt;&gt;</a>&nbsp;&nbsp;&nbsp;CommonSupportFuncs_ErrorStringSW_Clear
<LI><a href="#[de]">&gt;&gt;</a>&nbsp;&nbsp;&nbsp;CommonSupportFuncs_ErrorCodeSW_ClearCurrPair
<LI><a href="#[ca]">&gt;&gt;</a>&nbsp;&nbsp;&nbsp;Mcp2317SetOutput
</UL>
<BR>[Address Reference Count : 1]<UL><LI> common_cmds_owner.o(.data)
</UL>
<P><STRONG><a name="[1b]"></a>CommonCmdsOwner_SykamDeviceDataWriteEnable</STRONG> (ARM, 40 bytes, Stack size 0 bytes, common_cmds_owner.o(.text))
<BR>[Address Reference Count : 1]<UL><LI> common_cmds_owner.o(.data)
</UL>
<P><STRONG><a name="[1d]"></a>CommonCmdsReg_DeviceActiveInterface</STRONG> (ARM, 92 bytes, Stack size 40 bytes, common_cmds_reg.o(.text))
<BR><BR>[Stack]<UL><LI>Max Depth = 312 + Unknown Stack Size
<LI>Call Chain = CommonCmdsReg_DeviceActiveInterface &rArr; Fm25clssWrite &rArr; SpiRx &rArr; SpiRxTag &rArr; memcpyflex &rArr; memset
</UL>
<BR>[Calls]<UL><LI><a href="#[e0]">&gt;&gt;</a>&nbsp;&nbsp;&nbsp;Fm25clssWrite
</UL>
<BR>[Address Reference Count : 1]<UL><LI> common_cmds_reg.o(.data)
</UL>
<P><STRONG><a name="[e1]"></a>CommonSupportFuncs_InitTasks</STRONG> (ARM, 88 bytes, Stack size 8 bytes, common_support_funcs.o(.text))
<BR><BR>[Stack]<UL><LI>Max Depth = 72<LI>Call Chain = CommonSupportFuncs_InitTasks &rArr; os_tsk_create0 &rArr; os_dispatch &rArr; os_put_prio
</UL>
<BR>[Calls]<UL><LI><a href="#[e2]">&gt;&gt;</a>&nbsp;&nbsp;&nbsp;os_sem_init (via Veneer)
<LI><a href="#[a9]">&gt;&gt;</a>&nbsp;&nbsp;&nbsp;os_tsk_create0 (via Veneer)
</UL>
<BR>[Called By]<UL><LI><a href="#[68]">&gt;&gt;</a>&nbsp;&nbsp;&nbsp;TSK_ColumnOvenMain_Init
</UL>

<P><STRONG><a name="[c9]"></a>CommonSupportFuncs_ErrorStringSW_FindAndSet</STRONG> (ARM, 516 bytes, Stack size 96 bytes, common_support_funcs.o(.text))
<BR><BR>[Stack]<UL><LI>Max Depth = 212<LI>Call Chain = CommonSupportFuncs_ErrorStringSW_FindAndSet &rArr; MBPBRegAccess &rArr; os_sem_take &rArr; os_sem_wait &rArr; os_block &rArr; os_put_dly
</UL>
<BR>[Calls]<UL><LI><a href="#[d1]">&gt;&gt;</a>&nbsp;&nbsp;&nbsp;UtilsFuncs_SwapBytes
<LI><a href="#[c8]">&gt;&gt;</a>&nbsp;&nbsp;&nbsp;MBPBRegAccess
<LI><a href="#[e3]">&gt;&gt;</a>&nbsp;&nbsp;&nbsp;__aeabi_memclr
<LI><a href="#[d0]">&gt;&gt;</a>&nbsp;&nbsp;&nbsp;__aeabi_memcpy
</UL>
<BR>[Called By]<UL><LI><a href="#[19]">&gt;&gt;</a>&nbsp;&nbsp;&nbsp;CommonCmdsOwner_ErrorCodeSW_ClearCurr
<LI><a href="#[c7]">&gt;&gt;</a>&nbsp;&nbsp;&nbsp;LibExceptionsFuncs_ExceptionSet
</UL>

<P><STRONG><a name="[de]"></a>CommonSupportFuncs_ErrorCodeSW_ClearCurrPair</STRONG> (ARM, 756 bytes, Stack size 56 bytes, common_support_funcs.o(.text))
<BR><BR>[Stack]<UL><LI>Max Depth = 172<LI>Call Chain = CommonSupportFuncs_ErrorCodeSW_ClearCurrPair &rArr; MBPBRegAccess &rArr; os_sem_take &rArr; os_sem_wait &rArr; os_block &rArr; os_put_dly
</UL>
<BR>[Calls]<UL><LI><a href="#[c8]">&gt;&gt;</a>&nbsp;&nbsp;&nbsp;MBPBRegAccess
</UL>
<BR>[Called By]<UL><LI><a href="#[1a]">&gt;&gt;</a>&nbsp;&nbsp;&nbsp;CommonCmdsOwner_ErrorCodeSW_ClearAll
<LI><a href="#[19]">&gt;&gt;</a>&nbsp;&nbsp;&nbsp;CommonCmdsOwner_ErrorCodeSW_ClearCurr
</UL>

<P><STRONG><a name="[df]"></a>CommonSupportFuncs_ErrorStringSW_Clear</STRONG> (ARM, 128 bytes, Stack size 80 bytes, common_support_funcs.o(.text))
<BR><BR>[Stack]<UL><LI>Max Depth = 196<LI>Call Chain = CommonSupportFuncs_ErrorStringSW_Clear &rArr; MBPBRegAccess &rArr; os_sem_take &rArr; os_sem_wait &rArr; os_block &rArr; os_put_dly
</UL>
<BR>[Calls]<UL><LI><a href="#[c8]">&gt;&gt;</a>&nbsp;&nbsp;&nbsp;MBPBRegAccess
<LI><a href="#[e3]">&gt;&gt;</a>&nbsp;&nbsp;&nbsp;__aeabi_memclr
</UL>
<BR>[Called By]<UL><LI><a href="#[1a]">&gt;&gt;</a>&nbsp;&nbsp;&nbsp;CommonCmdsOwner_ErrorCodeSW_ClearAll
<LI><a href="#[19]">&gt;&gt;</a>&nbsp;&nbsp;&nbsp;CommonCmdsOwner_ErrorCodeSW_ClearCurr
</UL>

<P><STRONG><a name="[65]"></a>TSK_CommonSupportTasks_DeviceRunTimeCounter</STRONG> (ARM, 400 bytes, Stack size 32 bytes, common_support_tasks.o(.text))
<BR><BR>[Stack]<UL><LI>Max Depth = 364 + Unknown Stack Size
<LI>Call Chain = TSK_CommonSupportTasks_DeviceRunTimeCounter &rArr; UtilsFuncs_FixedMemDataPackagesRW &rArr; Fm25clssReadSafe &rArr; SpiMsgChannelNext &rArr; SpiMsgChannelCheck &rArr; SpiMsgChannel &rArr; os_sem_take &rArr; os_sem_wait &rArr; os_block &rArr; os_put_dly
</UL>
<BR>[Calls]<UL><LI><a href="#[e4]">&gt;&gt;</a>&nbsp;&nbsp;&nbsp;os_sem_wait (via Veneer)
<LI><a href="#[e5]">&gt;&gt;</a>&nbsp;&nbsp;&nbsp;RttRead
<LI><a href="#[da]">&gt;&gt;</a>&nbsp;&nbsp;&nbsp;UtilsFuncs_FixedMemDataPackagesRW
<LI><a href="#[d9]">&gt;&gt;</a>&nbsp;&nbsp;&nbsp;os_dly_wait (via Veneer)
<LI><a href="#[c8]">&gt;&gt;</a>&nbsp;&nbsp;&nbsp;MBPBRegAccess
<LI><a href="#[c7]">&gt;&gt;</a>&nbsp;&nbsp;&nbsp;LibExceptionsFuncs_ExceptionSet
<LI><a href="#[d8]">&gt;&gt;</a>&nbsp;&nbsp;&nbsp;__aeabi_uidivmod
</UL>
<BR>[Address Reference Count : 1]<UL><LI> common_support_funcs.o(.text)
</UL>
<P><STRONG><a name="[66]"></a>TSK_CommonSupportTasks_MainboardVoltageMonitoring</STRONG> (ARM, 1080 bytes, Stack size 64 bytes, common_support_tasks.o(.text))
<BR><BR>[Stack]<UL><LI>Max Depth = 388 + Unknown Stack Size
<LI>Call Chain = TSK_CommonSupportTasks_MainboardVoltageMonitoring &rArr; LibExceptionsFuncs_ExceptionSet &rArr; Mcp2317SetOutput &rArr; SpiMsgChannelNext &rArr; SpiMsgChannelCheck &rArr; SpiMsgChannel &rArr; os_sem_take &rArr; os_sem_wait &rArr; os_block &rArr; os_put_dly
</UL>
<BR>[Calls]<UL><LI><a href="#[ed]">&gt;&gt;</a>&nbsp;&nbsp;&nbsp;os_tsk_delete (via Veneer)
<LI><a href="#[e6]">&gt;&gt;</a>&nbsp;&nbsp;&nbsp;AdcGetConvertedData
<LI><a href="#[d9]">&gt;&gt;</a>&nbsp;&nbsp;&nbsp;os_dly_wait (via Veneer)
<LI><a href="#[c8]">&gt;&gt;</a>&nbsp;&nbsp;&nbsp;MBPBRegAccess
<LI><a href="#[c7]">&gt;&gt;</a>&nbsp;&nbsp;&nbsp;LibExceptionsFuncs_ExceptionSet
<LI><a href="#[eb]">&gt;&gt;</a>&nbsp;&nbsp;&nbsp;rintf
<LI><a href="#[e9]">&gt;&gt;</a>&nbsp;&nbsp;&nbsp;__aeabi_fmul
<LI><a href="#[e7]">&gt;&gt;</a>&nbsp;&nbsp;&nbsp;__aeabi_ui2f
<LI><a href="#[e8]">&gt;&gt;</a>&nbsp;&nbsp;&nbsp;__aeabi_i2f
<LI><a href="#[ec]">&gt;&gt;</a>&nbsp;&nbsp;&nbsp;__aeabi_f2uiz
<LI><a href="#[ea]">&gt;&gt;</a>&nbsp;&nbsp;&nbsp;__aeabi_fdiv
<LI><a href="#[d8]">&gt;&gt;</a>&nbsp;&nbsp;&nbsp;__aeabi_uidivmod
</UL>
<BR>[Address Reference Count : 1]<UL><LI> common_support_funcs.o(.text)
</UL>
<P><STRONG><a name="[ee]"></a>UtilsFuncs_InitTasks</STRONG> (ARM, 48 bytes, Stack size 8 bytes, utils_funcs.o(.text))
<BR><BR>[Stack]<UL><LI>Max Depth = 72<LI>Call Chain = UtilsFuncs_InitTasks &rArr; os_tsk_create0 &rArr; os_dispatch &rArr; os_put_prio
</UL>
<BR>[Calls]<UL><LI><a href="#[a9]">&gt;&gt;</a>&nbsp;&nbsp;&nbsp;os_tsk_create0 (via Veneer)
</UL>
<BR>[Called By]<UL><LI><a href="#[68]">&gt;&gt;</a>&nbsp;&nbsp;&nbsp;TSK_ColumnOvenMain_Init
</UL>

<P><STRONG><a name="[d1]"></a>UtilsFuncs_SwapBytes</STRONG> (ARM, 100 bytes, Stack size 12 bytes, utils_funcs.o(.text))
<BR><BR>[Stack]<UL><LI>Max Depth = 12<LI>Call Chain = UtilsFuncs_SwapBytes
</UL>
<BR>[Called By]<UL><LI><a href="#[16]">&gt;&gt;</a>&nbsp;&nbsp;&nbsp;CommonCmdsOwner_SykamDeviceDataSave
<LI><a href="#[15]">&gt;&gt;</a>&nbsp;&nbsp;&nbsp;CommonCmdsOwner_SykamDeviceDataLoad
<LI><a href="#[cf]">&gt;&gt;</a>&nbsp;&nbsp;&nbsp;CommonRegistersFuncs_InitSykamDeviceData
<LI><a href="#[c9]">&gt;&gt;</a>&nbsp;&nbsp;&nbsp;CommonSupportFuncs_ErrorStringSW_FindAndSet
</UL>

<P><STRONG><a name="[28e]"></a>UtilsFuncs_SwapWords</STRONG> (ARM, 104 bytes, Stack size 12 bytes, utils_funcs.o(.text), UNUSED)

<P><STRONG><a name="[ef]"></a>UtilsFuncs_CalcMean</STRONG> (ARM, 136 bytes, Stack size 32 bytes, utils_funcs.o(.text), UNUSED)
<BR><BR>[Calls]<UL><LI><a href="#[e7]">&gt;&gt;</a>&nbsp;&nbsp;&nbsp;__aeabi_ui2f
<LI><a href="#[ea]">&gt;&gt;</a>&nbsp;&nbsp;&nbsp;__aeabi_fdiv
<LI><a href="#[f0]">&gt;&gt;</a>&nbsp;&nbsp;&nbsp;__aeabi_fadd
</UL>

<P><STRONG><a name="[da]"></a>UtilsFuncs_FixedMemDataPackagesRW</STRONG> (ARM, 248 bytes, Stack size 48 bytes, utils_funcs.o(.text))
<BR><BR>[Stack]<UL><LI>Max Depth = 332 + Unknown Stack Size
<LI>Call Chain = UtilsFuncs_FixedMemDataPackagesRW &rArr; Fm25clssReadSafe &rArr; SpiMsgChannelNext &rArr; SpiMsgChannelCheck &rArr; SpiMsgChannel &rArr; os_sem_take &rArr; os_sem_wait &rArr; os_block &rArr; os_put_dly
</UL>
<BR>[Calls]<UL><LI><a href="#[f2]">&gt;&gt;</a>&nbsp;&nbsp;&nbsp;Fm25clssReadSafe
<LI><a href="#[e0]">&gt;&gt;</a>&nbsp;&nbsp;&nbsp;Fm25clssWrite
<LI><a href="#[f1]">&gt;&gt;</a>&nbsp;&nbsp;&nbsp;calloc (via Veneer)
<LI><a href="#[f3]">&gt;&gt;</a>&nbsp;&nbsp;&nbsp;free (via Veneer)
</UL>
<BR>[Called By]<UL><LI><a href="#[65]">&gt;&gt;</a>&nbsp;&nbsp;&nbsp;TSK_CommonSupportTasks_DeviceRunTimeCounter
<LI><a href="#[18]">&gt;&gt;</a>&nbsp;&nbsp;&nbsp;CommonCmdsOwner_DeviceRunTimeCounterReset
<LI><a href="#[17]">&gt;&gt;</a>&nbsp;&nbsp;&nbsp;CommonCmdsOwner_ModbusSetSlaveAddress
<LI><a href="#[16]">&gt;&gt;</a>&nbsp;&nbsp;&nbsp;CommonCmdsOwner_SykamDeviceDataSave
<LI><a href="#[15]">&gt;&gt;</a>&nbsp;&nbsp;&nbsp;CommonCmdsOwner_SykamDeviceDataLoad
<LI><a href="#[6b]">&gt;&gt;</a>&nbsp;&nbsp;&nbsp;TSK_ColumnOvenSupportTasks_GasSensing
<LI><a href="#[111]">&gt;&gt;</a>&nbsp;&nbsp;&nbsp;ColumnOvenSupportFuncs_StoreGasSensorDefaultValues
<LI><a href="#[2b]">&gt;&gt;</a>&nbsp;&nbsp;&nbsp;ColumnOvenCmdsReg_GasSensorAlarmEnabled
<LI><a href="#[2a]">&gt;&gt;</a>&nbsp;&nbsp;&nbsp;ColumnOvenCmdsReg_GasSensorCalibrationResistance
<LI><a href="#[29]">&gt;&gt;</a>&nbsp;&nbsp;&nbsp;ColumnOvenCmdsReg_GasSensorAlarmThresholdPPM
<LI><a href="#[25]">&gt;&gt;</a>&nbsp;&nbsp;&nbsp;ColumnOvenCmdsUser_HeatCoolProgramSave
<LI><a href="#[22]">&gt;&gt;</a>&nbsp;&nbsp;&nbsp;ColumnOvenCmdsUser_HeatCoolProgramStart
<LI><a href="#[110]">&gt;&gt;</a>&nbsp;&nbsp;&nbsp;ColumnOvenSupportFuncs_HeatCoolProgramLoad
<LI><a href="#[24]">&gt;&gt;</a>&nbsp;&nbsp;&nbsp;ColumnOvenCmdsUser_HeatCoolProgramDelete
<LI><a href="#[2d]">&gt;&gt;</a>&nbsp;&nbsp;&nbsp;ColumnOvenCmdsReg_TemperatureUnit
<LI><a href="#[2c]">&gt;&gt;</a>&nbsp;&nbsp;&nbsp;ColumnOvenCmdsReg_TemperatureOffset
<LI><a href="#[2e]">&gt;&gt;</a>&nbsp;&nbsp;&nbsp;ColumnOvenCmdsReg_HeatCoolProgramSetPointReachedBand
<LI><a href="#[1e]">&gt;&gt;</a>&nbsp;&nbsp;&nbsp;ColumnOvenCmdsOwner_ControlParamsSave
<LI><a href="#[10d]">&gt;&gt;</a>&nbsp;&nbsp;&nbsp;ColumnOvenSupportFuncs_DeviceParamsInternCheck
<LI><a href="#[10e]">&gt;&gt;</a>&nbsp;&nbsp;&nbsp;ColumnOvenRegistersFuncs_InitStatusData
<LI><a href="#[10c]">&gt;&gt;</a>&nbsp;&nbsp;&nbsp;ColumnOvenRegistersFuncs_InitDeviceParams
<LI><a href="#[32]">&gt;&gt;</a>&nbsp;&nbsp;&nbsp;ValveActCmdsOwner_StatusDataLoad
<LI><a href="#[2f]">&gt;&gt;</a>&nbsp;&nbsp;&nbsp;ValveActCmdsOwner_DeviceParamsLoad
<LI><a href="#[20]">&gt;&gt;</a>&nbsp;&nbsp;&nbsp;ColumnOvenCmdsOwner_StatusDataLoad
<LI><a href="#[1f]">&gt;&gt;</a>&nbsp;&nbsp;&nbsp;ColumnOvenCmdsOwner_DeviceParamsLoad
<LI><a href="#[68]">&gt;&gt;</a>&nbsp;&nbsp;&nbsp;TSK_ColumnOvenMain_Init
<LI><a href="#[13f]">&gt;&gt;</a>&nbsp;&nbsp;&nbsp;ValveActSupportFuncs_PositionsRW
<LI><a href="#[31]">&gt;&gt;</a>&nbsp;&nbsp;&nbsp;ValveActCmdsOwner_DeviceParamsSave
</UL>

<P><STRONG><a name="[f4]"></a>UtilsFuncs_FixedMemErase</STRONG> (ARM, 144 bytes, Stack size 40 bytes, utils_funcs.o(.text), UNUSED)
<BR><BR>[Calls]<UL><LI><a href="#[e0]">&gt;&gt;</a>&nbsp;&nbsp;&nbsp;Fm25clssWrite
</UL>

<P><STRONG><a name="[1c]"></a>UtilsFuncs_Dummy</STRONG> (ARM, 16 bytes, Stack size 0 bytes, utils_funcs.o(.text))
<BR>[Address Reference Count : 1]<UL><LI> common_cmds_user.o(.data)
</UL>
<P><STRONG><a name="[67]"></a>TSK_UtilsTasks_Heartbeat</STRONG> (ARM, 544 bytes, Stack size 8 bytes, utils_tasks.o(.text))
<BR><BR>[Stack]<UL><LI>Max Depth = 36 + Unknown Stack Size
<LI>Call Chain = TSK_UtilsTasks_Heartbeat &rArr; os_dly_wait &rArr; os_block &rArr; os_put_dly
</UL>
<BR>[Calls]<UL><LI><a href="#[f5]">&gt;&gt;</a>&nbsp;&nbsp;&nbsp;os_tsk_pass (via Veneer)
<LI><a href="#[d9]">&gt;&gt;</a>&nbsp;&nbsp;&nbsp;os_dly_wait (via Veneer)
<LI><a href="#[d8]">&gt;&gt;</a>&nbsp;&nbsp;&nbsp;__aeabi_uidivmod
</UL>
<BR>[Address Reference Count : 1]<UL><LI> utils_funcs.o(.text)
</UL>
<P><STRONG><a name="[68]"></a>TSK_ColumnOvenMain_Init</STRONG> (ARM, 4428 bytes, Stack size 88 bytes, column_oven_main.o(.text))
<BR><BR>[Stack]<UL><LI>Max Depth = 940 + Unknown Stack Size
<LI>Call Chain = TSK_ColumnOvenMain_Init &rArr; ColumnOvenRegistersFuncs_InitRegisterBank &rArr; ColumnOvenRegistersFuncs_InitDeviceParams &rArr; ColumnOvenSupportFuncs_DeviceParamsInternCheck &rArr; UtilsFuncs_FixedMemDataPackagesRW &rArr; Fm25clssReadSafe &rArr; SpiMsgChannelNext &rArr; SpiMsgChannelCheck &rArr; SpiMsgChannel &rArr; os_sem_take &rArr; os_sem_wait &rArr; os_block &rArr; os_put_dly
</UL>
<BR>[Calls]<UL><LI><a href="#[ee]">&gt;&gt;</a>&nbsp;&nbsp;&nbsp;UtilsFuncs_InitTasks
<LI><a href="#[ed]">&gt;&gt;</a>&nbsp;&nbsp;&nbsp;os_tsk_delete (via Veneer)
<LI><a href="#[e2]">&gt;&gt;</a>&nbsp;&nbsp;&nbsp;os_sem_init (via Veneer)
<LI><a href="#[e1]">&gt;&gt;</a>&nbsp;&nbsp;&nbsp;CommonSupportFuncs_InitTasks
<LI><a href="#[da]">&gt;&gt;</a>&nbsp;&nbsp;&nbsp;UtilsFuncs_FixedMemDataPackagesRW
<LI><a href="#[dd]">&gt;&gt;</a>&nbsp;&nbsp;&nbsp;RttRestart
<LI><a href="#[dc]">&gt;&gt;</a>&nbsp;&nbsp;&nbsp;MBPBProductAddrSet
<LI><a href="#[15]">&gt;&gt;</a>&nbsp;&nbsp;&nbsp;CommonCmdsOwner_SykamDeviceDataLoad
<LI><a href="#[d9]">&gt;&gt;</a>&nbsp;&nbsp;&nbsp;os_dly_wait (via Veneer)
<LI><a href="#[d4]">&gt;&gt;</a>&nbsp;&nbsp;&nbsp;CommonModbusFuncs_InitTasks
<LI><a href="#[d3]">&gt;&gt;</a>&nbsp;&nbsp;&nbsp;CommonRegistersFuncs_InitRegisterBank
<LI><a href="#[ca]">&gt;&gt;</a>&nbsp;&nbsp;&nbsp;Mcp2317SetOutput
<LI><a href="#[c8]">&gt;&gt;</a>&nbsp;&nbsp;&nbsp;MBPBRegAccess
<LI><a href="#[c7]">&gt;&gt;</a>&nbsp;&nbsp;&nbsp;LibExceptionsFuncs_ExceptionSet
<LI><a href="#[105]">&gt;&gt;</a>&nbsp;&nbsp;&nbsp;ValveActSupportFuncs_InitTasks
<LI><a href="#[103]">&gt;&gt;</a>&nbsp;&nbsp;&nbsp;ValveActRegistersFuncs_InitRegisterBank
<LI><a href="#[104]">&gt;&gt;</a>&nbsp;&nbsp;&nbsp;ValveActModbusFuncs_InitTasks
<LI><a href="#[49]">&gt;&gt;</a>&nbsp;&nbsp;&nbsp;ValveActCmdsReg_CurrentValveType
<LI><a href="#[32]">&gt;&gt;</a>&nbsp;&nbsp;&nbsp;ValveActCmdsOwner_StatusDataLoad
<LI><a href="#[30]">&gt;&gt;</a>&nbsp;&nbsp;&nbsp;ValveActCmdsOwner_DeviceParamsLoadDefault
<LI><a href="#[2f]">&gt;&gt;</a>&nbsp;&nbsp;&nbsp;ValveActCmdsOwner_DeviceParamsLoad
<LI><a href="#[fd]">&gt;&gt;</a>&nbsp;&nbsp;&nbsp;StpClkDirInit
<LI><a href="#[f8]">&gt;&gt;</a>&nbsp;&nbsp;&nbsp;SpiInitUnit
<LI><a href="#[f9]">&gt;&gt;</a>&nbsp;&nbsp;&nbsp;SpiInitChannel
<LI><a href="#[102]">&gt;&gt;</a>&nbsp;&nbsp;&nbsp;RttInit
<LI><a href="#[f7]">&gt;&gt;</a>&nbsp;&nbsp;&nbsp;PwmInitUnit
<LI><a href="#[f6]">&gt;&gt;</a>&nbsp;&nbsp;&nbsp;PioInit
<LI><a href="#[fc]">&gt;&gt;</a>&nbsp;&nbsp;&nbsp;Mcp2317Init
<LI><a href="#[101]">&gt;&gt;</a>&nbsp;&nbsp;&nbsp;MBPBProductStateSet
<LI><a href="#[fe]">&gt;&gt;</a>&nbsp;&nbsp;&nbsp;Fm25clssInit
<LI><a href="#[fb]">&gt;&gt;</a>&nbsp;&nbsp;&nbsp;EncGapDiskInit
<LI><a href="#[10a]">&gt;&gt;</a>&nbsp;&nbsp;&nbsp;Dacrrcs085SetOutput
<LI><a href="#[fa]">&gt;&gt;</a>&nbsp;&nbsp;&nbsp;Dacrrcs085Init
<LI><a href="#[108]">&gt;&gt;</a>&nbsp;&nbsp;&nbsp;ColumnOvenSupportFuncs_InitTasks
<LI><a href="#[109]">&gt;&gt;</a>&nbsp;&nbsp;&nbsp;ColumnOvenSignalProcessingFuncs_InitTasks
<LI><a href="#[106]">&gt;&gt;</a>&nbsp;&nbsp;&nbsp;ColumnOvenRegistersFuncs_InitRegisterBank
<LI><a href="#[107]">&gt;&gt;</a>&nbsp;&nbsp;&nbsp;ColumnOvenModbusFuncs_InitTasks
<LI><a href="#[100]">&gt;&gt;</a>&nbsp;&nbsp;&nbsp;ColumnOvenModbusFuncs_InitDriver
<LI><a href="#[20]">&gt;&gt;</a>&nbsp;&nbsp;&nbsp;ColumnOvenCmdsOwner_StatusDataLoad
<LI><a href="#[1f]">&gt;&gt;</a>&nbsp;&nbsp;&nbsp;ColumnOvenCmdsOwner_DeviceParamsLoad
<LI><a href="#[ff]">&gt;&gt;</a>&nbsp;&nbsp;&nbsp;AdcInit
<LI><a href="#[d8]">&gt;&gt;</a>&nbsp;&nbsp;&nbsp;__aeabi_uidivmod
</UL>
<BR>[Address Reference Count : 1]<UL><LI> column_oven_main.o(.text)
</UL>
<P><STRONG><a name="[5a]"></a>main</STRONG> (ARM, 32 bytes, Stack size 8 bytes, column_oven_main.o(.text))
<BR><BR>[Stack]<UL><LI>Max Depth = 8<LI>Call Chain = main
</UL>
<BR>[Calls]<UL><LI><a href="#[10b]">&gt;&gt;</a>&nbsp;&nbsp;&nbsp;os_sys_init0 (via Veneer)
</UL>
<BR>[Address Reference Count : 1]<UL><LI> rtentry2.o(.ARM.Collect$$rtentry$$0000000D)
</UL>
<P><STRONG><a name="[10c]"></a>ColumnOvenRegistersFuncs_InitDeviceParams</STRONG> (ARM, 816 bytes, Stack size 424 bytes, column_oven_registers_funcs.o(.text))
<BR><BR>[Stack]<UL><LI>Max Depth = 844 + Unknown Stack Size
<LI>Call Chain = ColumnOvenRegistersFuncs_InitDeviceParams &rArr; ColumnOvenSupportFuncs_DeviceParamsInternCheck &rArr; UtilsFuncs_FixedMemDataPackagesRW &rArr; Fm25clssReadSafe &rArr; SpiMsgChannelNext &rArr; SpiMsgChannelCheck &rArr; SpiMsgChannel &rArr; os_sem_take &rArr; os_sem_wait &rArr; os_block &rArr; os_put_dly
</UL>
<BR>[Calls]<UL><LI><a href="#[da]">&gt;&gt;</a>&nbsp;&nbsp;&nbsp;UtilsFuncs_FixedMemDataPackagesRW
<LI><a href="#[cd]">&gt;&gt;</a>&nbsp;&nbsp;&nbsp;MBPBRegAccessStruct
<LI><a href="#[10d]">&gt;&gt;</a>&nbsp;&nbsp;&nbsp;ColumnOvenSupportFuncs_DeviceParamsInternCheck
<LI><a href="#[cc]">&gt;&gt;</a>&nbsp;&nbsp;&nbsp;__aeabi_memclr4
<LI><a href="#[d0]">&gt;&gt;</a>&nbsp;&nbsp;&nbsp;__aeabi_memcpy
</UL>
<BR>[Called By]<UL><LI><a href="#[106]">&gt;&gt;</a>&nbsp;&nbsp;&nbsp;ColumnOvenRegistersFuncs_InitRegisterBank
</UL>

<P><STRONG><a name="[10e]"></a>ColumnOvenRegistersFuncs_InitStatusData</STRONG> (ARM, 744 bytes, Stack size 264 bytes, column_oven_registers_funcs.o(.text))
<BR><BR>[Stack]<UL><LI>Max Depth = 596 + Unknown Stack Size
<LI>Call Chain = ColumnOvenRegistersFuncs_InitStatusData &rArr; UtilsFuncs_FixedMemDataPackagesRW &rArr; Fm25clssReadSafe &rArr; SpiMsgChannelNext &rArr; SpiMsgChannelCheck &rArr; SpiMsgChannel &rArr; os_sem_take &rArr; os_sem_wait &rArr; os_block &rArr; os_put_dly
</UL>
<BR>[Calls]<UL><LI><a href="#[da]">&gt;&gt;</a>&nbsp;&nbsp;&nbsp;UtilsFuncs_FixedMemDataPackagesRW
<LI><a href="#[cd]">&gt;&gt;</a>&nbsp;&nbsp;&nbsp;MBPBRegAccessStruct
</UL>
<BR>[Called By]<UL><LI><a href="#[106]">&gt;&gt;</a>&nbsp;&nbsp;&nbsp;ColumnOvenRegistersFuncs_InitRegisterBank
</UL>

<P><STRONG><a name="[106]"></a>ColumnOvenRegistersFuncs_InitRegisterBank</STRONG> (ARM, 60 bytes, Stack size 8 bytes, column_oven_registers_funcs.o(.text))
<BR><BR>[Stack]<UL><LI>Max Depth = 852 + Unknown Stack Size
<LI>Call Chain = ColumnOvenRegistersFuncs_InitRegisterBank &rArr; ColumnOvenRegistersFuncs_InitDeviceParams &rArr; ColumnOvenSupportFuncs_DeviceParamsInternCheck &rArr; UtilsFuncs_FixedMemDataPackagesRW &rArr; Fm25clssReadSafe &rArr; SpiMsgChannelNext &rArr; SpiMsgChannelCheck &rArr; SpiMsgChannel &rArr; os_sem_take &rArr; os_sem_wait &rArr; os_block &rArr; os_put_dly
</UL>
<BR>[Calls]<UL><LI><a href="#[10e]">&gt;&gt;</a>&nbsp;&nbsp;&nbsp;ColumnOvenRegistersFuncs_InitStatusData
<LI><a href="#[10c]">&gt;&gt;</a>&nbsp;&nbsp;&nbsp;ColumnOvenRegistersFuncs_InitDeviceParams
</UL>
<BR>[Called By]<UL><LI><a href="#[68]">&gt;&gt;</a>&nbsp;&nbsp;&nbsp;TSK_ColumnOvenMain_Init
</UL>

<P><STRONG><a name="[100]"></a>ColumnOvenModbusFuncs_InitDriver</STRONG> (ARM, 496 bytes, Stack size 208 bytes, column_oven_modbus_funcs.o(.text))
<BR><BR>[Stack]<UL><LI>Max Depth = 424 + Unknown Stack Size
<LI>Call Chain = ColumnOvenModbusFuncs_InitDriver &rArr; MBPBInit &rArr; UsartInit &rArr; os_tsk_create_ex0 &rArr; os_tsk_create0 &rArr; os_dispatch &rArr; os_put_prio
</UL>
<BR>[Calls]<UL><LI><a href="#[dc]">&gt;&gt;</a>&nbsp;&nbsp;&nbsp;MBPBProductAddrSet
<LI><a href="#[10f]">&gt;&gt;</a>&nbsp;&nbsp;&nbsp;MBPBInit
<LI><a href="#[101]">&gt;&gt;</a>&nbsp;&nbsp;&nbsp;MBPBProductStateSet
<LI><a href="#[d8]">&gt;&gt;</a>&nbsp;&nbsp;&nbsp;__aeabi_uidivmod
</UL>
<BR>[Called By]<UL><LI><a href="#[68]">&gt;&gt;</a>&nbsp;&nbsp;&nbsp;TSK_ColumnOvenMain_Init
</UL>

<P><STRONG><a name="[107]"></a>ColumnOvenModbusFuncs_InitTasks</STRONG> (ARM, 180 bytes, Stack size 48 bytes, column_oven_modbus_funcs.o(.text))
<BR><BR>[Stack]<UL><LI>Max Depth = 156<LI>Call Chain = ColumnOvenModbusFuncs_InitTasks &rArr; MBPBTrgFilterSetEx &rArr; os_sem_take &rArr; os_sem_wait &rArr; os_block &rArr; os_put_dly
</UL>
<BR>[Calls]<UL><LI><a href="#[a9]">&gt;&gt;</a>&nbsp;&nbsp;&nbsp;os_tsk_create0 (via Veneer)
<LI><a href="#[d5]">&gt;&gt;</a>&nbsp;&nbsp;&nbsp;os_mbx_init (via Veneer)
<LI><a href="#[d6]">&gt;&gt;</a>&nbsp;&nbsp;&nbsp;MBPBTrgFilterSetEx
</UL>
<BR>[Called By]<UL><LI><a href="#[68]">&gt;&gt;</a>&nbsp;&nbsp;&nbsp;TSK_ColumnOvenMain_Init
</UL>

<P><STRONG><a name="[c6]"></a>ColumnOvenModbusFuncs_FilterForModbusRequests</STRONG> (ARM, 464 bytes, Stack size 4 bytes, column_oven_modbus_funcs.o(.text))
<BR><BR>[Stack]<UL><LI>Max Depth = 4<LI>Call Chain = ColumnOvenModbusFuncs_FilterForModbusRequests
</UL>
<BR>[Called By]<UL><LI><a href="#[69]">&gt;&gt;</a>&nbsp;&nbsp;&nbsp;AT91SAM7X_FilterForModbusRequests
</UL>

<P><STRONG><a name="[6a]"></a>TSK_ColumnOvenModbusTasks_CmdExecution</STRONG> (ARM, 932 bytes, Stack size 56 bytes, column_oven_modbus_tasks.o(.text))
<BR><BR>[Stack]<UL><LI>Max Depth = 380 + Unknown Stack Size
<LI>Call Chain = TSK_ColumnOvenModbusTasks_CmdExecution &rArr; LibExceptionsFuncs_ExceptionSet &rArr; Mcp2317SetOutput &rArr; SpiMsgChannelNext &rArr; SpiMsgChannelCheck &rArr; SpiMsgChannel &rArr; os_sem_take &rArr; os_sem_wait &rArr; os_block &rArr; os_put_dly
</UL>
<BR>[Calls]<UL><LI><a href="#[d9]">&gt;&gt;</a>&nbsp;&nbsp;&nbsp;os_dly_wait (via Veneer)
<LI><a href="#[d7]">&gt;&gt;</a>&nbsp;&nbsp;&nbsp;MBPBTrgWaitDecode
<LI><a href="#[c8]">&gt;&gt;</a>&nbsp;&nbsp;&nbsp;MBPBRegAccess
<LI><a href="#[c7]">&gt;&gt;</a>&nbsp;&nbsp;&nbsp;LibExceptionsFuncs_ExceptionSet
<LI><a href="#[d8]">&gt;&gt;</a>&nbsp;&nbsp;&nbsp;__aeabi_uidivmod
</UL>
<BR>[Address Reference Count : 1]<UL><LI> column_oven_modbus_funcs.o(.text)
</UL>
<P><STRONG><a name="[1e]"></a>ColumnOvenCmdsOwner_ControlParamsSave</STRONG> (ARM, 648 bytes, Stack size 304 bytes, column_oven_cmds_owner.o(.text))
<BR><BR>[Stack]<UL><LI>Max Depth = 724 + Unknown Stack Size
<LI>Call Chain = ColumnOvenCmdsOwner_ControlParamsSave &rArr; ColumnOvenSupportFuncs_DeviceParamsInternCheck &rArr; UtilsFuncs_FixedMemDataPackagesRW &rArr; Fm25clssReadSafe &rArr; SpiMsgChannelNext &rArr; SpiMsgChannelCheck &rArr; SpiMsgChannel &rArr; os_sem_take &rArr; os_sem_wait &rArr; os_block &rArr; os_put_dly
</UL>
<BR>[Calls]<UL><LI><a href="#[da]">&gt;&gt;</a>&nbsp;&nbsp;&nbsp;UtilsFuncs_FixedMemDataPackagesRW
<LI><a href="#[cd]">&gt;&gt;</a>&nbsp;&nbsp;&nbsp;MBPBRegAccessStruct
<LI><a href="#[10d]">&gt;&gt;</a>&nbsp;&nbsp;&nbsp;ColumnOvenSupportFuncs_DeviceParamsInternCheck
</UL>
<BR>[Address Reference Count : 1]<UL><LI> column_oven_cmds_owner.o(.data)
</UL>
<P><STRONG><a name="[1f]"></a>ColumnOvenCmdsOwner_DeviceParamsLoad</STRONG> (ARM, 1788 bytes, Stack size 344 bytes, column_oven_cmds_owner.o(.text))
<BR><BR>[Stack]<UL><LI>Max Depth = 764 + Unknown Stack Size
<LI>Call Chain = ColumnOvenCmdsOwner_DeviceParamsLoad &rArr; ColumnOvenSupportFuncs_DeviceParamsInternCheck &rArr; UtilsFuncs_FixedMemDataPackagesRW &rArr; Fm25clssReadSafe &rArr; SpiMsgChannelNext &rArr; SpiMsgChannelCheck &rArr; SpiMsgChannel &rArr; os_sem_take &rArr; os_sem_wait &rArr; os_block &rArr; os_put_dly
</UL>
<BR>[Calls]<UL><LI><a href="#[da]">&gt;&gt;</a>&nbsp;&nbsp;&nbsp;UtilsFuncs_FixedMemDataPackagesRW
<LI><a href="#[cd]">&gt;&gt;</a>&nbsp;&nbsp;&nbsp;MBPBRegAccessStruct
<LI><a href="#[c7]">&gt;&gt;</a>&nbsp;&nbsp;&nbsp;LibExceptionsFuncs_ExceptionSet
<LI><a href="#[2d]">&gt;&gt;</a>&nbsp;&nbsp;&nbsp;ColumnOvenCmdsReg_TemperatureUnit
<LI><a href="#[2c]">&gt;&gt;</a>&nbsp;&nbsp;&nbsp;ColumnOvenCmdsReg_TemperatureOffset
<LI><a href="#[2e]">&gt;&gt;</a>&nbsp;&nbsp;&nbsp;ColumnOvenCmdsReg_HeatCoolProgramSetPointReachedBand
<LI><a href="#[10d]">&gt;&gt;</a>&nbsp;&nbsp;&nbsp;ColumnOvenSupportFuncs_DeviceParamsInternCheck
<LI><a href="#[d0]">&gt;&gt;</a>&nbsp;&nbsp;&nbsp;__aeabi_memcpy
</UL>
<BR>[Called By]<UL><LI><a href="#[68]">&gt;&gt;</a>&nbsp;&nbsp;&nbsp;TSK_ColumnOvenMain_Init
</UL>
<BR>[Address Reference Count : 1]<UL><LI> column_oven_cmds_owner.o(.data)
</UL>
<P><STRONG><a name="[20]"></a>ColumnOvenCmdsOwner_StatusDataLoad</STRONG> (ARM, 932 bytes, Stack size 232 bytes, column_oven_cmds_owner.o(.text))
<BR><BR>[Stack]<UL><LI>Max Depth = 796 + Unknown Stack Size
<LI>Call Chain = ColumnOvenCmdsOwner_StatusDataLoad &rArr; ColumnOvenCmdsUser_HeatCoolProgramDelete &rArr; UtilsFuncs_FixedMemDataPackagesRW &rArr; Fm25clssReadSafe &rArr; SpiMsgChannelNext &rArr; SpiMsgChannelCheck &rArr; SpiMsgChannel &rArr; os_sem_take &rArr; os_sem_wait &rArr; os_block &rArr; os_put_dly
</UL>
<BR>[Calls]<UL><LI><a href="#[da]">&gt;&gt;</a>&nbsp;&nbsp;&nbsp;UtilsFuncs_FixedMemDataPackagesRW
<LI><a href="#[cd]">&gt;&gt;</a>&nbsp;&nbsp;&nbsp;MBPBRegAccessStruct
<LI><a href="#[110]">&gt;&gt;</a>&nbsp;&nbsp;&nbsp;ColumnOvenSupportFuncs_HeatCoolProgramLoad
<LI><a href="#[24]">&gt;&gt;</a>&nbsp;&nbsp;&nbsp;ColumnOvenCmdsUser_HeatCoolProgramDelete
<LI><a href="#[cc]">&gt;&gt;</a>&nbsp;&nbsp;&nbsp;__aeabi_memclr4
</UL>
<BR>[Called By]<UL><LI><a href="#[68]">&gt;&gt;</a>&nbsp;&nbsp;&nbsp;TSK_ColumnOvenMain_Init
</UL>
<BR>[Address Reference Count : 1]<UL><LI> column_oven_cmds_owner.o(.data)
</UL>
[...]
</UL>
<BR>[Called By]<UL><LI><a href="#[218]">&gt;&gt;</a>&nbsp;&nbsp;&nbsp;scalbnf
</UL>

<P><STRONG><a name="[25d]"></a>__fpl_fcmp_Inf</STRONG> (ARM, 28 bytes, Stack size 0 bytes, fcmpi.o(x$fpl$fcmpinf), UNUSED)
<BR><BR>[Called By]<UL><LI><a href="#[262]">&gt;&gt;</a>&nbsp;&nbsp;&nbsp;_fcmple
<LI><a href="#[25c]">&gt;&gt;</a>&nbsp;&nbsp;&nbsp;_fcmpeq
</UL>

<P><STRONG><a name="[ea]"></a>__aeabi_fdiv</STRONG> (ARM, 0 bytes, Stack size 16 bytes, fdiv.o(x$fpl$fdiv))
<BR><BR>[Stack]<UL><LI>Max Depth = 16<LI>Call Chain = __aeabi_fdiv
</UL>
<BR>[Called By]<UL><LI><a href="#[ef]">&gt;&gt;</a>&nbsp;&nbsp;&nbsp;UtilsFuncs_CalcMean
<LI><a href="#[66]">&gt;&gt;</a>&nbsp;&nbsp;&nbsp;TSK_CommonSupportTasks_MainboardVoltageMonitoring
<LI><a href="#[12a]">&gt;&gt;</a>&nbsp;&nbsp;&nbsp;ColumnOvenSignalProcessingFuncs_GetControlOutput
<LI><a href="#[129]">&gt;&gt;</a>&nbsp;&nbsp;&nbsp;ColumnOvenSignalProcessingFuncs_CalcControlParams
<LI><a href="#[6b]">&gt;&gt;</a>&nbsp;&nbsp;&nbsp;TSK_ColumnOvenSupportTasks_GasSensing
<LI><a href="#[ff]">&gt;&gt;</a>&nbsp;&nbsp;&nbsp;AdcInit
<LI><a href="#[123]">&gt;&gt;</a>&nbsp;&nbsp;&nbsp;logf
</UL>

<P><STRONG><a name="[25b]"></a>_fdiv</STRONG> (ARM, 396 bytes, Stack size 16 bytes, fdiv.o(x$fpl$fdiv), UNUSED)
<BR><BR>[Calls]<UL><LI><a href="#[243]">&gt;&gt;</a>&nbsp;&nbsp;&nbsp;__fpl_fretinf
<LI><a href="#[256]">&gt;&gt;</a>&nbsp;&nbsp;&nbsp;__fpl_fnaninf
</UL>

<P><STRONG><a name="[12e]"></a>__aeabi_cfcmpeq</STRONG> (ARM, 0 bytes, Stack size 16 bytes, feqf.o(x$fpl$feqf))
<BR><BR>[Stack]<UL><LI>Max Depth = 16<LI>Call Chain = __aeabi_cfcmpeq
</UL>
<BR>[Called By]<UL><LI><a href="#[6d]">&gt;&gt;</a>&nbsp;&nbsp;&nbsp;TSK_ColumnOvenSignalProcessingTasks_TemperatureControl
</UL>

<P><STRONG><a name="[25c]"></a>_fcmpeq</STRONG> (ARM, 132 bytes, Stack size 16 bytes, feqf.o(x$fpl$feqf), UNUSED)
<BR><BR>[Calls]<UL><LI><a href="#[256]">&gt;&gt;</a>&nbsp;&nbsp;&nbsp;__fpl_fnaninf
<LI><a href="#[25d]">&gt;&gt;</a>&nbsp;&nbsp;&nbsp;__fpl_fcmp_Inf
</UL>

<P><STRONG><a name="[21c]"></a>__aeabi_f2iz</STRONG> (ARM, 0 bytes, Stack size 16 bytes, ffix.o(x$fpl$ffix))
<BR><BR>[Stack]<UL><LI>Max Depth = 16<LI>Call Chain = __aeabi_f2iz
</UL>
<BR>[Called By]<UL><LI><a href="#[124]">&gt;&gt;</a>&nbsp;&nbsp;&nbsp;expf
</UL>

<P><STRONG><a name="[25e]"></a>_ffix</STRONG> (ARM, 68 bytes, Stack size 16 bytes, ffix.o(x$fpl$ffix), UNUSED)
<BR><BR>[Calls]<UL><LI><a href="#[256]">&gt;&gt;</a>&nbsp;&nbsp;&nbsp;__fpl_fnaninf
</UL>

<P><STRONG><a name="[ec]"></a>__aeabi_f2uiz</STRONG> (ARM, 0 bytes, Stack size 16 bytes, ffixu.o(x$fpl$ffixu))
<BR><BR>[Stack]<UL><LI>Max Depth = 16<LI>Call Chain = __aeabi_f2uiz
</UL>
<BR>[Called By]<UL><LI><a href="#[66]">&gt;&gt;</a>&nbsp;&nbsp;&nbsp;TSK_CommonSupportTasks_MainboardVoltageMonitoring
<LI><a href="#[6d]">&gt;&gt;</a>&nbsp;&nbsp;&nbsp;TSK_ColumnOvenSignalProcessingTasks_TemperatureControl
<LI><a href="#[12a]">&gt;&gt;</a>&nbsp;&nbsp;&nbsp;ColumnOvenSignalProcessingFuncs_GetControlOutput
<LI><a href="#[129]">&gt;&gt;</a>&nbsp;&nbsp;&nbsp;ColumnOvenSignalProcessingFuncs_CalcControlParams
<LI><a href="#[6b]">&gt;&gt;</a>&nbsp;&nbsp;&nbsp;TSK_ColumnOvenSupportTasks_GasSensing
<LI><a href="#[11e]">&gt;&gt;</a>&nbsp;&nbsp;&nbsp;ColumnOvenSupportFuncs_CalcHeatCoolProgramTimes
<LI><a href="#[112]">&gt;&gt;</a>&nbsp;&nbsp;&nbsp;ColumnOvenSupportFuncs_SetDacOutput
<LI><a href="#[ff]">&gt;&gt;</a>&nbsp;&nbsp;&nbsp;AdcInit
</UL>

<P><STRONG><a name="[25f]"></a>_ffixu</STRONG> (ARM, 84 bytes, Stack size 16 bytes, ffixu.o(x$fpl$ffixu), UNUSED)
<BR><BR>[Calls]<UL><LI><a href="#[256]">&gt;&gt;</a>&nbsp;&nbsp;&nbsp;__fpl_fnaninf
</UL>

<P><STRONG><a name="[e8]"></a>__aeabi_i2f</STRONG> (ARM, 0 bytes, Stack size 0 bytes, fflt_noclz.o(x$fpl$fflt))
<BR><BR>[Called By]<UL><LI><a href="#[66]">&gt;&gt;</a>&nbsp;&nbsp;&nbsp;TSK_CommonSupportTasks_MainboardVoltageMonitoring
<LI><a href="#[11e]">&gt;&gt;</a>&nbsp;&nbsp;&nbsp;ColumnOvenSupportFuncs_CalcHeatCoolProgramTimes
<LI><a href="#[123]">&gt;&gt;</a>&nbsp;&nbsp;&nbsp;logf
</UL>

<P><STRONG><a name="[2ac]"></a>_fflt</STRONG> (ARM, 92 bytes, Stack size 0 bytes, fflt_noclz.o(x$fpl$fflt), UNUSED)

<P><STRONG><a name="[261]"></a>__fflt_normalise</STRONG> (ARM, 0 bytes, Stack size unknown bytes, fflt_noclz.o(x$fpl$fflt), UNUSED)
<BR><BR>[Called By]<UL><LI><a href="#[260]">&gt;&gt;</a>&nbsp;&nbsp;&nbsp;_ffltu
</UL>

<P><STRONG><a name="[e7]"></a>__aeabi_ui2f</STRONG> (ARM, 0 bytes, Stack size 0 bytes, fflt_noclz.o(x$fpl$ffltu))
<BR><BR>[Called By]<UL><LI><a href="#[ef]">&gt;&gt;</a>&nbsp;&nbsp;&nbsp;UtilsFuncs_CalcMean
<LI><a href="#[66]">&gt;&gt;</a>&nbsp;&nbsp;&nbsp;TSK_CommonSupportTasks_MainboardVoltageMonitoring
<LI><a href="#[6d]">&gt;&gt;</a>&nbsp;&nbsp;&nbsp;TSK_ColumnOvenSignalProcessingTasks_TemperatureControl
<LI><a href="#[12a]">&gt;&gt;</a>&nbsp;&nbsp;&nbsp;ColumnOvenSignalProcessingFuncs_GetControlOutput
<LI><a href="#[129]">&gt;&gt;</a>&nbsp;&nbsp;&nbsp;ColumnOvenSignalProcessingFuncs_CalcControlParams
<LI><a href="#[128]">&gt;&gt;</a>&nbsp;&nbsp;&nbsp;ColumnOvenSignalProcessingFuncs_GetTemperature
<LI><a href="#[6b]">&gt;&gt;</a>&nbsp;&nbsp;&nbsp;TSK_ColumnOvenSupportTasks_GasSensing
<LI><a href="#[11e]">&gt;&gt;</a>&nbsp;&nbsp;&nbsp;ColumnOvenSupportFuncs_CalcHeatCoolProgramTimes
<LI><a href="#[112]">&gt;&gt;</a>&nbsp;&nbsp;&nbsp;ColumnOvenSupportFuncs_SetDacOutput
<LI><a href="#[ff]">&gt;&gt;</a>&nbsp;&nbsp;&nbsp;AdcInit
</UL>

<P><STRONG><a name="[260]"></a>_ffltu</STRONG> (ARM, 8 bytes, Stack size 0 bytes, fflt_noclz.o(x$fpl$ffltu), UNUSED)
<BR><BR>[Calls]<UL><LI><a href="#[261]">&gt;&gt;</a>&nbsp;&nbsp;&nbsp;__fflt_normalise
</UL>

<P><STRONG><a name="[11b]"></a>__aeabi_cfcmple</STRONG> (ARM, 0 bytes, Stack size 16 bytes, fleqf.o(x$fpl$fleqf))
<BR><BR>[Stack]<UL><LI>Max Depth = 16<LI>Call Chain = __aeabi_cfcmple
</UL>
<BR>[Called By]<UL><LI><a href="#[6d]">&gt;&gt;</a>&nbsp;&nbsp;&nbsp;TSK_ColumnOvenSignalProcessingTasks_TemperatureControl
<LI><a href="#[12a]">&gt;&gt;</a>&nbsp;&nbsp;&nbsp;ColumnOvenSignalProcessingFuncs_GetControlOutput
<LI><a href="#[112]">&gt;&gt;</a>&nbsp;&nbsp;&nbsp;ColumnOvenSupportFuncs_SetDacOutput
</UL>

<P><STRONG><a name="[262]"></a>_fcmple</STRONG> (ARM, 132 bytes, Stack size 16 bytes, fleqf.o(x$fpl$fleqf), UNUSED)
<BR><BR>[Calls]<UL><LI><a href="#[256]">&gt;&gt;</a>&nbsp;&nbsp;&nbsp;__fpl_fnaninf
<LI><a href="#[25d]">&gt;&gt;</a>&nbsp;&nbsp;&nbsp;__fpl_fcmp_Inf
</UL>

<P><STRONG><a name="[265]"></a>__fpl_fcmple_InfNaN</STRONG> (ARM, 0 bytes, Stack size unknown bytes, fleqf.o(x$fpl$fleqf), UNUSED)
<BR><BR>[Called By]<UL><LI><a href="#[264]">&gt;&gt;</a>&nbsp;&nbsp;&nbsp;_frcmple
</UL>

<P><STRONG><a name="[e9]"></a>__aeabi_fmul</STRONG> (ARM, 0 bytes, Stack size 16 bytes, fmul.o(x$fpl$fmul))
<BR><BR>[Stack]<UL><LI>Max Depth = 16<LI>Call Chain = __aeabi_fmul
</UL>
<BR>[Called By]<UL><LI><a href="#[66]">&gt;&gt;</a>&nbsp;&nbsp;&nbsp;TSK_CommonSupportTasks_MainboardVoltageMonitoring
<LI><a href="#[6d]">&gt;&gt;</a>&nbsp;&nbsp;&nbsp;TSK_ColumnOvenSignalProcessingTasks_TemperatureControl
<LI><a href="#[12a]">&gt;&gt;</a>&nbsp;&nbsp;&nbsp;ColumnOvenSignalProcessingFuncs_GetControlOutput
<LI><a href="#[6b]">&gt;&gt;</a>&nbsp;&nbsp;&nbsp;TSK_ColumnOvenSupportTasks_GasSensing
<LI><a href="#[11e]">&gt;&gt;</a>&nbsp;&nbsp;&nbsp;ColumnOvenSupportFuncs_CalcHeatCoolProgramTimes
<LI><a href="#[112]">&gt;&gt;</a>&nbsp;&nbsp;&nbsp;ColumnOvenSupportFuncs_SetDacOutput
<LI><a href="#[ff]">&gt;&gt;</a>&nbsp;&nbsp;&nbsp;AdcInit
<LI><a href="#[123]">&gt;&gt;</a>&nbsp;&nbsp;&nbsp;logf
<LI><a href="#[124]">&gt;&gt;</a>&nbsp;&nbsp;&nbsp;expf
</UL>

<P><STRONG><a name="[263]"></a>_fmul</STRONG> (ARM, 256 bytes, Stack size 16 bytes, fmul.o(x$fpl$fmul), UNUSED)
<BR><BR>[Calls]<UL><LI><a href="#[243]">&gt;&gt;</a>&nbsp;&nbsp;&nbsp;__fpl_fretinf
<LI><a href="#[256]">&gt;&gt;</a>&nbsp;&nbsp;&nbsp;__fpl_fnaninf
</UL>

<P><STRONG><a name="[256]"></a>__fpl_fnaninf</STRONG> (ARM, 168 bytes, Stack size 8 bytes, fnaninf.o(x$fpl$fnaninf))
<BR><BR>[Stack]<UL><LI>Max Depth = 8<LI>Call Chain = __fpl_fnaninf
</UL>
<BR>[Called By]<UL><LI><a href="#[21b]">&gt;&gt;</a>&nbsp;&nbsp;&nbsp;_frnd
<LI><a href="#[25e]">&gt;&gt;</a>&nbsp;&nbsp;&nbsp;_ffix
<LI><a href="#[263]">&gt;&gt;</a>&nbsp;&nbsp;&nbsp;_fmul
<LI><a href="#[262]">&gt;&gt;</a>&nbsp;&nbsp;&nbsp;_fcmple
<LI><a href="#[25f]">&gt;&gt;</a>&nbsp;&nbsp;&nbsp;_ffixu
<LI><a href="#[25c]">&gt;&gt;</a>&nbsp;&nbsp;&nbsp;_fcmpeq
<LI><a href="#[25b]">&gt;&gt;</a>&nbsp;&nbsp;&nbsp;_fdiv
<LI><a href="#[268]">&gt;&gt;</a>&nbsp;&nbsp;&nbsp;_fsub
<LI><a href="#[257]">&gt;&gt;</a>&nbsp;&nbsp;&nbsp;_fadd
<LI><a href="#[255]">&gt;&gt;</a>&nbsp;&nbsp;&nbsp;_f2d
</UL>

<P><STRONG><a name="[af]"></a>_fp_init</STRONG> (ARM, 24 bytes, Stack size 8 bytes, fpinit.o(x$fpl$fpinit))
<BR><BR>[Stack]<UL><LI>Max Depth = 24<LI>Call Chain = _fp_init &rArr; __rt_fp_status_addr &rArr; __user_perthread_libspace
</UL>
<BR>[Calls]<UL><LI><a href="#[20a]">&gt;&gt;</a>&nbsp;&nbsp;&nbsp;__rt_fp_status_addr
</UL>
<BR>[Called By]<UL><LI><a href="#[ae]">&gt;&gt;</a>&nbsp;&nbsp;&nbsp;__rt_lib_init (via Veneer)
</UL>

<P><STRONG><a name="[2ad]"></a>__fplib_config_pureend_doubles</STRONG> (ARM, 0 bytes, Stack size unknown bytes, fpinit.o(x$fpl$fpinit), UNUSED)

<P><STRONG><a name="[243]"></a>__fpl_fretinf</STRONG> (ARM, 16 bytes, Stack size 0 bytes, fretinf.o(x$fpl$fretinf), UNUSED)
<BR><BR>[Called By]<UL><LI><a href="#[263]">&gt;&gt;</a>&nbsp;&nbsp;&nbsp;_fmul
<LI><a href="#[25b]">&gt;&gt;</a>&nbsp;&nbsp;&nbsp;_fdiv
<LI><a href="#[257]">&gt;&gt;</a>&nbsp;&nbsp;&nbsp;_fadd
<LI><a href="#[242]">&gt;&gt;</a>&nbsp;&nbsp;&nbsp;_d2f
</UL>

<P><STRONG><a name="[11a]"></a>__aeabi_cfrcmple</STRONG> (ARM, 0 bytes, Stack size 0 bytes, frleqf.o(x$fpl$frleqf))
<BR><BR>[Called By]<UL><LI><a href="#[6d]">&gt;&gt;</a>&nbsp;&nbsp;&nbsp;TSK_ColumnOvenSignalProcessingTasks_TemperatureControl
<LI><a href="#[12a]">&gt;&gt;</a>&nbsp;&nbsp;&nbsp;ColumnOvenSignalProcessingFuncs_GetControlOutput
<LI><a href="#[11e]">&gt;&gt;</a>&nbsp;&nbsp;&nbsp;ColumnOvenSupportFuncs_CalcHeatCoolProgramTimes
<LI><a href="#[112]">&gt;&gt;</a>&nbsp;&nbsp;&nbsp;ColumnOvenSupportFuncs_SetDacOutput
</UL>

<P><STRONG><a name="[264]"></a>_frcmple</STRONG> (ARM, 124 bytes, Stack size 0 bytes, frleqf.o(x$fpl$frleqf), UNUSED)
<BR><BR>[Calls]<UL><LI><a href="#[265]">&gt;&gt;</a>&nbsp;&nbsp;&nbsp;__fpl_fcmple_InfNaN
</UL>

<P><STRONG><a name="[21b]"></a>_frnd</STRONG> (ARM, 100 bytes, Stack size 8 bytes, frnd.o(x$fpl$frnd))
<BR><BR>[Stack]<UL><LI>Max Depth = 16<LI>Call Chain = _frnd &rArr; __fpl_fnaninf
</UL>
<BR>[Calls]<UL><LI><a href="#[256]">&gt;&gt;</a>&nbsp;&nbsp;&nbsp;__fpl_fnaninf
</UL>
<BR>[Called By]<UL><LI><a href="#[eb]">&gt;&gt;</a>&nbsp;&nbsp;&nbsp;rintf
<LI><a href="#[124]">&gt;&gt;</a>&nbsp;&nbsp;&nbsp;expf
</UL>

<P><STRONG><a name="[122]"></a>__aeabi_frsub</STRONG> (ARM, 0 bytes, Stack size 0 bytes, faddsub_noclz.o(x$fpl$frsb))
<BR><BR>[Called By]<UL><LI><a href="#[6d]">&gt;&gt;</a>&nbsp;&nbsp;&nbsp;TSK_ColumnOvenSignalProcessingTasks_TemperatureControl
<LI><a href="#[6b]">&gt;&gt;</a>&nbsp;&nbsp;&nbsp;TSK_ColumnOvenSupportTasks_GasSensing
<LI><a href="#[124]">&gt;&gt;</a>&nbsp;&nbsp;&nbsp;expf
</UL>

<P><STRONG><a name="[266]"></a>_frsb</STRONG> (ARM, 20 bytes, Stack size 0 bytes, faddsub_noclz.o(x$fpl$frsb), UNUSED)
<BR><BR>[Calls]<UL><LI><a href="#[258]">&gt;&gt;</a>&nbsp;&nbsp;&nbsp;_fsub1
<LI><a href="#[267]">&gt;&gt;</a>&nbsp;&nbsp;&nbsp;_fadd1
</UL>

<P><STRONG><a name="[11c]"></a>__aeabi_fsub</STRONG> (ARM, 0 bytes, Stack size 16 bytes, faddsub_noclz.o(x$fpl$fsub))
<BR><BR>[Stack]<UL><LI>Max Depth = 16<LI>Call Chain = __aeabi_fsub
</UL>
<BR>[Called By]<UL><LI><a href="#[12a]">&gt;&gt;</a>&nbsp;&nbsp;&nbsp;ColumnOvenSignalProcessingFuncs_GetControlOutput
<LI><a href="#[129]">&gt;&gt;</a>&nbsp;&nbsp;&nbsp;ColumnOvenSignalProcessingFuncs_CalcControlParams
<LI><a href="#[11e]">&gt;&gt;</a>&nbsp;&nbsp;&nbsp;ColumnOvenSupportFuncs_CalcHeatCoolProgramTimes
<LI><a href="#[112]">&gt;&gt;</a>&nbsp;&nbsp;&nbsp;ColumnOvenSupportFuncs_SetDacOutput
<LI><a href="#[123]">&gt;&gt;</a>&nbsp;&nbsp;&nbsp;logf
<LI><a href="#[124]">&gt;&gt;</a>&nbsp;&nbsp;&nbsp;expf
</UL>

<P><STRONG><a name="[268]"></a>_fsub</STRONG> (ARM, 304 bytes, Stack size 16 bytes, faddsub_noclz.o(x$fpl$fsub), UNUSED)
<BR><BR>[Calls]<UL><LI><a href="#[256]">&gt;&gt;</a>&nbsp;&nbsp;&nbsp;__fpl_fnaninf
<LI><a href="#[267]">&gt;&gt;</a>&nbsp;&nbsp;&nbsp;_fadd1
</UL>

<P><STRONG><a name="[25a]"></a>__fpl_return_NaN</STRONG> (ARM, 116 bytes, Stack size 0 bytes, retnan.o(x$fpl$retnan))
<BR><BR>[Calls]<UL><LI><a href="#[269]">&gt;&gt;</a>&nbsp;&nbsp;&nbsp;__fpl_cmpreturn
</UL>
<BR>[Called By]<UL><LI><a href="#[259]">&gt;&gt;</a>&nbsp;&nbsp;&nbsp;__fpl_fcheck_NaN1
</UL>

<P><STRONG><a name="[21d]"></a>__ARM_scalbnf</STRONG> (ARM, 0 bytes, Stack size 0 bytes, scalbnf.o(x$fpl$scalbnf))
<BR><BR>[Called By]<UL><LI><a href="#[124]">&gt;&gt;</a>&nbsp;&nbsp;&nbsp;expf
</UL>

<P><STRONG><a name="[218]"></a>scalbnf</STRONG> (ARM, 96 bytes, Stack size 0 bytes, scalbnf.o(x$fpl$scalbnf))
<BR><BR>[Calls]<UL><LI><a href="#[259]">&gt;&gt;</a>&nbsp;&nbsp;&nbsp;__fpl_fcheck_NaN1
<LI><a href="#[26a]">&gt;&gt;</a>&nbsp;&nbsp;&nbsp;__fpl_infinity (Weak Reference)
</UL>
<BR>[Called By]<UL><LI><a href="#[217]">&gt;&gt;</a>&nbsp;&nbsp;&nbsp;__mathlib_flt_underflow
<LI><a href="#[123]">&gt;&gt;</a>&nbsp;&nbsp;&nbsp;logf
<LI><a href="#[124]">&gt;&gt;</a>&nbsp;&nbsp;&nbsp;expf
</UL>

<P><STRONG><a name="[2ae]"></a>__fpl_inf_scalbnf</STRONG> (ARM, 0 bytes, Stack size unknown bytes, scalbnf.o(x$fpl$scalbnf), UNUSED)

<P><STRONG><a name="[269]"></a>__fpl_cmpreturn</STRONG> (ARM, 60 bytes, Stack size 0 bytes, trapv.o(x$fpl$trapveneer))
<BR><BR>[Called By]<UL><LI><a href="#[25a]">&gt;&gt;</a>&nbsp;&nbsp;&nbsp;__fpl_return_NaN
</UL>

<P><STRONG><a name="[2af]"></a>__I$use$fp</STRONG> (ARM, 0 bytes, Stack size unknown bytes, usenofp.o(x$fpl$usenofp), UNUSED)
<P>
<H3>
Local Symbols
</H3>
<P><STRONG><a name="[62]"></a>os_def_interrupt</STRONG> (ARM, 20 bytes, Stack size 8 bytes, rtx_config.o(.text))
<BR><BR>[Stack]<UL><LI>Max Depth = 8<LI>Call Chain = os_def_interrupt
</UL>
<BR>[Address Reference Count : 1]<UL><LI> rtx_config.o(.text)
</UL>
<P><STRONG><a name="[53]"></a>Undef_Handler</STRONG> (ARM, 4 bytes, Stack size unknown bytes, sam7.o(RESET))
<BR><BR>[Calls]<UL><LI><a href="#[53]">&gt;&gt;</a>&nbsp;&nbsp;&nbsp;Undef_Handler
</UL>
<BR>[Called By]<UL><LI><a href="#[53]">&gt;&gt;</a>&nbsp;&nbsp;&nbsp;Undef_Handler
</UL>
<BR>[Address Reference Count : 1]<UL><LI> sam7.o(RESET)
</UL>
<P><STRONG><a name="[55]"></a>PAbt_Handler</STRONG> (ARM, 4 bytes, Stack size unknown bytes, sam7.o(RESET))
<BR><BR>[Calls]<UL><LI><a href="#[55]">&gt;&gt;</a>&nbsp;&nbsp;&nbsp;PAbt_Handler
</UL>
<BR>[Called By]<UL><LI><a href="#[55]">&gt;&gt;</a>&nbsp;&nbsp;&nbsp;PAbt_Handler
</UL>
<BR>[Address Reference Count : 1]<UL><LI> sam7.o(RESET)
</UL>
<P><STRONG><a name="[56]"></a>DAbt_Handler</STRONG> (ARM, 4 bytes, Stack size unknown bytes, sam7.o(RESET))
<BR><BR>[Calls]<UL><LI><a href="#[56]">&gt;&gt;</a>&nbsp;&nbsp;&nbsp;DAbt_Handler
</UL>
<BR>[Called By]<UL><LI><a href="#[56]">&gt;&gt;</a>&nbsp;&nbsp;&nbsp;DAbt_Handler
</UL>
<BR>[Address Reference Count : 1]<UL><LI> sam7.o(RESET)
</UL>
<P><STRONG><a name="[57]"></a>IRQ_Handler</STRONG> (ARM, 4 bytes, Stack size unknown bytes, sam7.o(RESET))
<BR><BR>[Calls]<UL><LI><a href="#[57]">&gt;&gt;</a>&nbsp;&nbsp;&nbsp;IRQ_Handler
</UL>
<BR>[Called By]<UL><LI><a href="#[57]">&gt;&gt;</a>&nbsp;&nbsp;&nbsp;IRQ_Handler
</UL>
<BR>[Address Reference Count : 1]<UL><LI> sam7.o(RESET)
</UL>
<P><STRONG><a name="[58]"></a>FIQ_Handler</STRONG> (ARM, 4 bytes, Stack size unknown bytes, sam7.o(RESET))
<BR><BR>[Calls]<UL><LI><a href="#[58]">&gt;&gt;</a>&nbsp;&nbsp;&nbsp;FIQ_Handler
</UL>
<BR>[Called By]<UL><LI><a href="#[58]">&gt;&gt;</a>&nbsp;&nbsp;&nbsp;FIQ_Handler
</UL>
<BR>[Address Reference Count : 1]<UL><LI> sam7.o(RESET)
</UL>
<P><STRONG><a name="[22b]"></a>os_init_context</STRONG> (Thumb, 66 bytes, Stack size 16 bytes, rt_task.o(i.os_init_context))
<BR><BR>[Stack]<UL><LI>Max Depth = 24<LI>Call Chain = os_init_context &rArr; os_init_stack
</UL>
<BR>[Calls]<UL><LI><a href="#[22c]">&gt;&gt;</a>&nbsp;&nbsp;&nbsp;os_init_stack
</UL>
<BR>[Called By]<UL><LI><a href="#[a9]">&gt;&gt;</a>&nbsp;&nbsp;&nbsp;os_tsk_create0
<LI><a href="#[5d]">&gt;&gt;</a>&nbsp;&nbsp;&nbsp;os_sys_init1
</UL>

<P><STRONG><a name="[61]"></a>Switch_task</STRONG> (ARM, 0 bytes, Stack size unknown bytes, hal_arm.o(.emb_text))
<BR>[Address Reference Count : 1]<UL><LI> hal_arm.o(.emb_text)
</UL>
<P><STRONG><a name="[20d]"></a>__arm_div8</STRONG> (ARM, 0 bytes, Stack size unknown bytes, aeabi_sdiv.o(.text))
<BR><BR>[Called By]<UL><LI><a href="#[d8]">&gt;&gt;</a>&nbsp;&nbsp;&nbsp;__aeabi_uidivmod
</UL>

<P><STRONG><a name="[20c]"></a>__arm_div5</STRONG> (ARM, 0 bytes, Stack size unknown bytes, aeabi_sdiv.o(.text))
<BR><BR>[Called By]<UL><LI><a href="#[d8]">&gt;&gt;</a>&nbsp;&nbsp;&nbsp;__aeabi_uidivmod
</UL>

<P><STRONG><a name="[20b]"></a>__arm_div2</STRONG> (ARM, 0 bytes, Stack size unknown bytes, aeabi_sdiv.o(.text))
<BR><BR>[Called By]<UL><LI><a href="#[d8]">&gt;&gt;</a>&nbsp;&nbsp;&nbsp;__aeabi_uidivmod
</UL>

<P><STRONG><a name="[20e]"></a>__arm_div_large</STRONG> (ARM, 0 bytes, Stack size unknown bytes, aeabi_sdiv.o(.text))
<BR><BR>[Called By]<UL><LI><a href="#[d8]">&gt;&gt;</a>&nbsp;&nbsp;&nbsp;__aeabi_uidivmod
</UL>

<P><STRONG><a name="[253]"></a>_dadd1</STRONG> (ARM, 0 bytes, Stack size unknown bytes, daddsub_noclz.o(x$fpl$dadd), UNUSED)
<BR><BR>[Called By]<UL><LI><a href="#[254]">&gt;&gt;</a>&nbsp;&nbsp;&nbsp;_dsub
<LI><a href="#[252]">&gt;&gt;</a>&nbsp;&nbsp;&nbsp;_drsb
</UL>

<P><STRONG><a name="[246]"></a>_dsub1</STRONG> (ARM, 0 bytes, Stack size unknown bytes, daddsub_noclz.o(x$fpl$dsub), UNUSED)
<BR><BR>[Called By]<UL><LI><a href="#[252]">&gt;&gt;</a>&nbsp;&nbsp;&nbsp;_drsb
<LI><a href="#[245]">&gt;&gt;</a>&nbsp;&nbsp;&nbsp;_dadd
</UL>

<P><STRONG><a name="[267]"></a>_fadd1</STRONG> (ARM, 0 bytes, Stack size unknown bytes, faddsub_noclz.o(x$fpl$fadd), UNUSED)
<BR><BR>[Called By]<UL><LI><a href="#[268]">&gt;&gt;</a>&nbsp;&nbsp;&nbsp;_fsub
<LI><a href="#[266]">&gt;&gt;</a>&nbsp;&nbsp;&nbsp;_frsb
</UL>

<P><STRONG><a name="[258]"></a>_fsub1</STRONG> (ARM, 0 bytes, Stack size unknown bytes, faddsub_noclz.o(x$fpl$fsub), UNUSED)
<BR><BR>[Called By]<UL><LI><a href="#[266]">&gt;&gt;</a>&nbsp;&nbsp;&nbsp;_frsb
<LI><a href="#[257]">&gt;&gt;</a>&nbsp;&nbsp;&nbsp;_fadd
</UL>
<P>
<H3>
Undefined Global Symbols
</H3>
<P><STRONG><a name="[26a]"></a>__fpl_infinity</STRONG> (Unknown, 0 bytes, Stack size 0 bytes, UNDEFINED)
<BR><BR>[Called By]<UL><LI><a href="#[218]">&gt;&gt;</a>&nbsp;&nbsp;&nbsp;scalbnf
</UL>

<P><STRONG><a name="[214]"></a>__user_heap_extent</STRONG> (ARM, 0 bytes, Stack size 0 bytes, UNDEFINED)
<BR><BR>[Called By]<UL><LI><a href="#[1ff]">&gt;&gt;</a>&nbsp;&nbsp;&nbsp;__Heap_Initialize
</UL>

<P><STRONG><a name="[206]"></a>_call_atexit_fns</STRONG> (ARM, 0 bytes, Stack size 0 bytes, UNDEFINED)
<BR><BR>[Called By]<UL><LI><a href="#[b6]">&gt;&gt;</a>&nbsp;&nbsp;&nbsp;exit
</UL>

<P><STRONG><a name="[23b]"></a>os_tmr_reload</STRONG> (ARM, 0 bytes, Stack size 0 bytes, UNDEFINED)
<BR><BR>[Called By]<UL><LI><a href="#[5f]">&gt;&gt;</a>&nbsp;&nbsp;&nbsp;os_sys_manager
</UL>

<P><STRONG><a name="[235]"></a>rt_init</STRONG> (ARM, 0 bytes, Stack size 0 bytes, UNDEFINED)
<BR><BR>[Called By]<UL><LI><a href="#[5d]">&gt;&gt;</a>&nbsp;&nbsp;&nbsp;os_sys_init1
</UL>

<P><STRONG><a name="[240]"></a>rt_notify</STRONG> (ARM, 0 bytes, Stack size 0 bytes, UNDEFINED)
<BR><BR>[Called By]<UL><LI><a href="#[ed]">&gt;&gt;</a>&nbsp;&nbsp;&nbsp;os_tsk_delete
<LI><a href="#[a9]">&gt;&gt;</a>&nbsp;&nbsp;&nbsp;os_tsk_create0
</UL>

<P><STRONG><a name="[212]"></a>rt_post_taskswitch</STRONG> (ARM, 0 bytes, Stack size 0 bytes, UNDEFINED)
<BR><BR>[Called By]<UL><LI><a href="#[a0]">&gt;&gt;</a>&nbsp;&nbsp;&nbsp;__SWI_0
<LI><a href="#[5f]">&gt;&gt;</a>&nbsp;&nbsp;&nbsp;os_sys_manager
</UL>
<HR></body></html>
