<html>
<body>
<pre>
<h1>µVision Build Log</h1>
<h2>Project:</h2>
D:\Sykam Software Development\Framework 2017-04-11\DEVICE\S4121_V1.12_3PeltierParalell\S4121.uvproj
Project File Date:  01/12/2021

<h2>Output:</h2>
Build target 'AT91SAM7X512 FLASH - ULINK'
compiling column_oven_support_funcs.c...
linking...
Program Size: Code=271992 RO-data=17308 RW-data=2752 ZI-data=112736  
".\OBJ\\Flash\S4121_V112_3Peltier_SpecialCase.axf" - 0 Error(s), 0 Warning(s).
Load "D:\\Sykam Software Development\\Framework 2017-04-11\\DEVICE\\S4121_V1.12_3PeltierParalell\\OBJ\\\\Flash\\S4121_V112_3Peltier_SpecialCase.AXF" 
Programming Done.
Verify OK.
Application running ...
