<html>
<body>
<pre>
<h1>µVision Build Log</h1>
<h2>Project:</h2>
D:\Sykam Software Development\Framework 2017-04-11\DEVICE\S4121_V1.12\S4121.uvproj
Project File Date:  09/17/2018

<h2>Output:</h2>
Build target 'AT91SAM7X512 FLASH - ULINK'
compiling column_oven_cmds_owner.c...
linking...
Program Size: Code=270652 RO-data=17308 RW-data=2752 ZI-data=112736  
".\OBJ\\Flash\S4121_V111_2018-17-09.axf" - 0 Error(s), 0 Warning(s).
Build target 'AT91SAM7X512 FLASH - ULINK'
linking...
Program Size: Code=270652 RO-data=17308 RW-data=2752 ZI-data=112736  
".\OBJ\\Flash\S4121_V111_2018-17-09.axf" - 0 Error(s), 0 Warning(s).
Load "D:\\Sykam Software Development\\Framework 2017-04-11\\DEVICE\\S4121_V1.12\\OBJ\\\\Flash\\S4121_V111_2018-17-09.AXF" 
Programming Failed!
Build target 'AT91SAM7X512 FLASH - ULINK'
compiling sykam_cfg.c...
linking...
Program Size: Code=270652 RO-data=17308 RW-data=2752 ZI-data=112736  
".\OBJ\\Flash\S4121_V111_2018-17-09.axf" - 0 Error(s), 0 Warning(s).
Build target 'AT91SAM7X512 FLASH - ULINK'
linking...
Program Size: Code=270652 RO-data=17308 RW-data=2752 ZI-data=112736  
".\OBJ\\Flash\S4121_V112.axf" - 0 Error(s), 0 Warning(s).
Build target 'AT91SAM7X512 FLASH - ULINK'
compiling RTX_Config.c...
compiling AT91SAM7X.c...
compiling sykam_cfg.c...
assembling SAM7.s...
compiling lib_exceptions_funcs.c...
compiling lib_exceptions.c...
compiling common_registers_funcs.c...
compiling common_modbus_funcs.c...
compiling common_modbus_tasks.c...
compiling common_cmds_owner.c...
compiling common_cmds_user.c...
compiling common_cmds_reg.c...
compiling common_support_funcs.c...
compiling common_support_tasks.c...
compiling utils_funcs.c...
compiling utils_tasks.c...
compiling column_oven_main.c...
compiling column_oven_registers_funcs.c...
compiling column_oven_modbus_funcs.c...
compiling column_oven_modbus_tasks.c...
compiling column_oven_cmds_owner.c...
compiling column_oven_cmds_user.c...
compiling column_oven_cmds_reg.c...
compiling column_oven_support_funcs.c...
compiling column_oven_support_tasks.c...
compiling column_oven_signal_processing_funcs.c...
compiling column_oven_signal_processing_tasks.c...
compiling column_oven_control_params.c...
compiling valve_act_registers_funcs.c...
compiling valve_act_modbus_funcs.c...
compiling valve_act_modbus_tasks.c...
compiling valve_act_cmds_owner.c...
compiling valve_act_cmds_user.c...
compiling valve_act_cmds_reg.c...
compiling valve_act_support_funcs.c...
compiling valve_act_support_tasks.c...
compiling valve_act_valvetypes.c...
compiling mbpb.c...
compiling mbpbser.c...
compiling mbpbregcb.c...
compiling mbpbutils.c...
compiling mbpbholding.c...
compiling mbpbinput.c...
compiling mbpbdisc.c...
compiling mbpbcoils.c...
compiling mbpbother.c...
compiling mbpbgeneral.c...
compiling usart.c...
compiling pio.c...
compiling spi.c...
compiling stpclkdir.c...
compiling pwm.c...
compiling rtt.c...
compiling sysirq.c...
compiling adc.c...
compiling adcle.c...
compiling support.c...
compiling tmr.c...
compiling mcp2317.c...
compiling dacrrcs085.c...
compiling encgapdisk.c...
compiling fm25clss.c...
linking...
Program Size: Code=270652 RO-data=17308 RW-data=2752 ZI-data=112736  
".\OBJ\\Flash\S4121_V112.axf" - 0 Error(s), 0 Warning(s).
