<html>
<body>
<pre>
<h1>µVision Build Log</h1>
<h2>Project:</h2>
D:\Sykam Software Development\Heating & Cooling\S4120 Oven\DEVICE\S4121_V103\S4121.uvproj
Project File Date:  10/01/2015

<h2>Output:</h2>
compiling sykam_cfg.c...
CFG\sykam_cfg.c - 0 Error(s), 0 Warning(s).
Build target 'AT91SAM7X512 FLASH - ULINK'
compiling RTX_Config.c...
compiling AT91SAM7X.c...
CFG\AT91SAM7X.c(54): error:  #5: cannot open source input file "..\..\S4121\src\column_oven_support_tasks.h": No such file or directory
compiling lib_exceptions_funcs.c...
compiling lib_exceptions.c...
compiling common_registers_funcs.c...
compiling common_modbus_funcs.c...
compiling common_modbus_tasks.c...
compiling common_cmds_owner.c...
compiling common_cmds_user.c...
compiling common_cmds_reg.c...
compiling common_support_funcs.c...
compiling common_support_tasks.c...
compiling utils_funcs.c...
compiling utils_tasks.c...
compiling column_oven_main.c...
compiling column_oven_registers_funcs.c...
compiling column_oven_modbus_funcs.c...
compiling column_oven_modbus_tasks.c...
compiling column_oven_cmds_owner.c...
compiling column_oven_cmds_user.c...
compiling column_oven_cmds_reg.c...
compiling column_oven_support_funcs.c...
SRC\column_oven_support_funcs.c(371): warning:  #550-D: variable "S_Exceptions" was set but never used
compiling column_oven_support_tasks.c...
compiling column_oven_signal_processing_funcs.c...
compiling column_oven_signal_processing_tasks.c...
SRC\column_oven_signal_processing_tasks.c(127): warning:  #550-D: variable "sb_DisableHeat" was set but never used
compiling column_oven_control_params.c...
compiling valve_act_registers_funcs.c...
compiling valve_act_modbus_funcs.c...
compiling valve_act_modbus_tasks.c...
compiling valve_act_cmds_owner.c...
compiling valve_act_cmds_user.c...
compiling valve_act_cmds_reg.c...
compiling valve_act_support_funcs.c...
..\S6510\SRC\valve_act_support_funcs.c(534): warning:  #177-D: variable "S_DeviceParamsExtern" was declared but never referenced
..\S6510\SRC\valve_act_support_funcs.c(535): warning:  #550-D: variable "S_DeviceParamsIntern" was set but never used
compiling valve_act_support_tasks.c...
compiling valve_act_valvetypes.c...
compiling mbpb.c...
compiling mbpbser.c...
compiling mbpbregcb.c...
compiling mbpbutils.c...
compiling mbpbholding.c...
compiling mbpbinput.c...
compiling mbpbdisc.c...
compiling mbpbcoils.c...
compiling mbpbother.c...
compiling usart.c...
compiling pio.c...
compiling spi.c...
compiling stpclkdir.c...
compiling pwm.c...
compiling rtt.c...
compiling sysirq.c...
compiling adc.c...
compiling support.c...
compiling tmr.c...
compiling mcp2317.c...
compiling dacrrcs085.c...
compiling encgapdisk.c...
compiling fm25clss.c...
Target not created
compiling AT91SAM7X.c...
CFG\AT91SAM7X.c - 0 Error(s), 0 Warning(s).
Build target 'AT91SAM7X512 FLASH - ULINK'
linking...
Program Size: Code=260300 RO-data=12100 RW-data=2456 ZI-data=95672  
".\OBJ\\Flash\TEST_OVEN.axf" - 0 Error(s), 0 Warning(s).
Build target 'AT91SAM7X512 FLASH - ULINK'
compiling RTX_Config.c...
compiling AT91SAM7X.c...
compiling sykam_cfg.c...
assembling SAM7.s...
compiling lib_exceptions_funcs.c...
compiling lib_exceptions.c...
compiling common_registers_funcs.c...
compiling common_modbus_funcs.c...
compiling common_modbus_tasks.c...
compiling common_cmds_owner.c...
compiling common_cmds_user.c...
compiling common_cmds_reg.c...
compiling common_support_funcs.c...
compiling common_support_tasks.c...
compiling utils_funcs.c...
compiling utils_tasks.c...
compiling column_oven_main.c...
compiling column_oven_registers_funcs.c...
compiling column_oven_modbus_funcs.c...
compiling column_oven_modbus_tasks.c...
compiling column_oven_cmds_owner.c...
compiling column_oven_cmds_user.c...
compiling column_oven_cmds_reg.c...
compiling column_oven_support_funcs.c...
SRC\column_oven_support_funcs.c(371): warning:  #550-D: variable "S_Exceptions" was set but never used
compiling column_oven_support_tasks.c...
compiling column_oven_signal_processing_funcs.c...
compiling column_oven_signal_processing_tasks.c...
SRC\column_oven_signal_processing_tasks.c(127): warning:  #550-D: variable "sb_DisableHeat" was set but never used
compiling column_oven_control_params.c...
compiling valve_act_registers_funcs.c...
compiling valve_act_modbus_funcs.c...
compiling valve_act_modbus_tasks.c...
compiling valve_act_cmds_owner.c...
compiling valve_act_cmds_user.c...
compiling valve_act_cmds_reg.c...
compiling valve_act_support_funcs.c...
..\S6510\SRC\valve_act_support_funcs.c(534): warning:  #177-D: variable "S_DeviceParamsExtern" was declared but never referenced
..\S6510\SRC\valve_act_support_funcs.c(535): warning:  #550-D: variable "S_DeviceParamsIntern" was set but never used
compiling valve_act_support_tasks.c...
compiling valve_act_valvetypes.c...
compiling mbpb.c...
compiling mbpbser.c...
compiling mbpbregcb.c...
compiling mbpbutils.c...
compiling mbpbholding.c...
compiling mbpbinput.c...
compiling mbpbdisc.c...
compiling mbpbcoils.c...
compiling mbpbother.c...
compiling usart.c...
compiling pio.c...
compiling spi.c...
compiling stpclkdir.c...
compiling pwm.c...
compiling rtt.c...
compiling sysirq.c...
compiling adc.c...
compiling support.c...
compiling tmr.c...
compiling mcp2317.c...
compiling dacrrcs085.c...
compiling encgapdisk.c...
compiling fm25clss.c...
linking...
Program Size: Code=260300 RO-data=12100 RW-data=2456 ZI-data=95672  
".\OBJ\\Flash\TEST_OVEN.axf" - 0 Error(s), 4 Warning(s).
Build target 'AT91SAM7X512 FLASH - ULINK'
compiling RTX_Config.c...
compiling AT91SAM7X.c...
compiling sykam_cfg.c...
assembling SAM7.s...
compiling lib_exceptions_funcs.c...
compiling lib_exceptions.c...
compiling common_registers_funcs.c...
compiling common_modbus_funcs.c...
compiling common_modbus_tasks.c...
compiling common_cmds_owner.c...
compiling common_cmds_user.c...
compiling common_cmds_reg.c...
compiling common_support_funcs.c...
compiling common_support_tasks.c...
compiling utils_funcs.c...
compiling utils_tasks.c...
compiling column_oven_main.c...
compiling column_oven_registers_funcs.c...
compiling column_oven_modbus_funcs.c...
compiling column_oven_modbus_tasks.c...
compiling column_oven_cmds_owner.c...
compiling column_oven_cmds_user.c...
compiling column_oven_cmds_reg.c...
compiling column_oven_support_funcs.c...
SRC\column_oven_support_funcs.c(371): warning:  #550-D: variable "S_Exceptions" was set but never used
compiling column_oven_support_tasks.c...
compiling column_oven_signal_processing_funcs.c...
compiling column_oven_signal_processing_tasks.c...
SRC\column_oven_signal_processing_tasks.c(127): warning:  #550-D: variable "sb_DisableHeat" was set but never used
compiling column_oven_control_params.c...
compiling valve_act_registers_funcs.c...
compiling valve_act_modbus_funcs.c...
compiling valve_act_modbus_tasks.c...
compiling valve_act_cmds_owner.c...
compiling valve_act_cmds_user.c...
compiling valve_act_cmds_reg.c...
compiling valve_act_support_funcs.c...
..\S6510\SRC\valve_act_support_funcs.c(534): warning:  #177-D: variable "S_DeviceParamsExtern" was declared but never referenced
..\S6510\SRC\valve_act_support_funcs.c(535): warning:  #550-D: variable "S_DeviceParamsIntern" was set but never used
compiling valve_act_support_tasks.c...
compiling valve_act_valvetypes.c...
compiling mbpb.c...
compiling mbpbser.c...
compiling mbpbregcb.c...
compiling mbpbutils.c...
compiling mbpbholding.c...
compiling mbpbinput.c...
compiling mbpbdisc.c...
compiling mbpbcoils.c...
compiling mbpbother.c...
compiling usart.c...
compiling pio.c...
compiling spi.c...
compiling stpclkdir.c...
compiling pwm.c...
compiling rtt.c...
compiling sysirq.c...
compiling adc.c...
compiling support.c...
compiling tmr.c...
compiling mcp2317.c...
compiling dacrrcs085.c...
compiling encgapdisk.c...
compiling fm25clss.c...
linking...
Program Size: Code=260300 RO-data=12100 RW-data=2456 ZI-data=95672  
".\OBJ\\Flash\S4121_V104_Cooling.axf" - 0 Error(s), 4 Warning(s).
Build target 'AT91SAM7X512 FLASH - ULINK'
compiling RTX_Config.c...
compiling AT91SAM7X.c...
compiling sykam_cfg.c...
assembling SAM7.s...
compiling lib_exceptions_funcs.c...
compiling lib_exceptions.c...
compiling common_registers_funcs.c...
compiling common_modbus_funcs.c...
compiling common_modbus_tasks.c...
compiling common_cmds_owner.c...
compiling common_cmds_user.c...
compiling common_cmds_reg.c...
compiling common_support_funcs.c...
compiling common_support_tasks.c...
compiling utils_funcs.c...
compiling utils_tasks.c...
compiling column_oven_main.c...
compiling column_oven_registers_funcs.c...
compiling column_oven_modbus_funcs.c...
compiling column_oven_modbus_tasks.c...
compiling column_oven_cmds_owner.c...
compiling column_oven_cmds_user.c...
compiling column_oven_cmds_reg.c...
compiling column_oven_support_funcs.c...
SRC\column_oven_support_funcs.c(371): warning:  #550-D: variable "S_Exceptions" was set but never used
compiling column_oven_support_tasks.c...
compiling column_oven_signal_processing_funcs.c...
compiling column_oven_signal_processing_tasks.c...
SRC\column_oven_signal_processing_tasks.c(127): warning:  #550-D: variable "sb_DisableHeat" was set but never used
compiling column_oven_control_params.c...
compiling valve_act_registers_funcs.c...
compiling valve_act_modbus_funcs.c...
compiling valve_act_modbus_tasks.c...
compiling valve_act_cmds_owner.c...
compiling valve_act_cmds_user.c...
compiling valve_act_cmds_reg.c...
compiling valve_act_support_funcs.c...
..\S6510\SRC\valve_act_support_funcs.c(534): warning:  #177-D: variable "S_DeviceParamsExtern" was declared but never referenced
..\S6510\SRC\valve_act_support_funcs.c(535): warning:  #550-D: variable "S_DeviceParamsIntern" was set but never used
compiling valve_act_support_tasks.c...
compiling valve_act_valvetypes.c...
compiling mbpb.c...
compiling mbpbser.c...
compiling mbpbregcb.c...
compiling mbpbutils.c...
compiling mbpbholding.c...
compiling mbpbinput.c...
compiling mbpbdisc.c...
compiling mbpbcoils.c...
compiling mbpbother.c...
compiling usart.c...
compiling pio.c...
compiling spi.c...
compiling stpclkdir.c...
compiling pwm.c...
compiling rtt.c...
compiling sysirq.c...
compiling adc.c...
compiling support.c...
compiling tmr.c...
compiling mcp2317.c...
compiling dacrrcs085.c...
compiling encgapdisk.c...
compiling fm25clss.c...
linking...
Program Size: Code=260300 RO-data=12100 RW-data=2456 ZI-data=95672  
".\OBJ\\Flash\S4121_V103_Heating.axf" - 0 Error(s), 4 Warning(s).
